 ascenseur_simplev2_sfun

 Timestamp is 54e8c7de (Sat Feb 21 19:01:02 2015)

 Preferred load address is 0000000180000000

 Start         Length     Name                   Class
 0001:00000000 000459b4H .text                   CODE
 0001:000459c0 00000092H .text$x                 CODE
 0002:00000000 00000488H .idata$5                DATA
 0002:00000488 00000008H .CRT$XCA                DATA
 0002:00000490 00000008H .CRT$XCZ                DATA
 0002:00000498 00000008H .CRT$XIA                DATA
 0002:000004a0 00000008H .CRT$XIAA               DATA
 0002:000004a8 00000008H .CRT$XIZ                DATA
 0002:000004b0 00004afcH .rdata                  DATA
 0002:00004fb0 00000008H .rtc$IAA                DATA
 0002:00004fb8 00000008H .rtc$IZZ                DATA
 0002:00004fc0 00000008H .rtc$TAA                DATA
 0002:00004fc8 00000008H .rtc$TZZ                DATA
 0002:00004fd0 0000418cH .xdata                  DATA
 0002:0000915c 0000008cH .idata$2                DATA
 0002:000091e8 00000014H .idata$3                DATA
 0002:00009200 00000488H .idata$4                DATA
 0002:00009688 00000a9eH .idata$6                DATA
 0002:0000a130 0000005dH .edata                  DATA
 0003:00000000 00002418H .data                   DATA
 0003:00002420 00002418H .bss                    DATA
 0004:00000000 00003168H .pdata                  DATA

  Address         Publics by Value              Rva+Base               Lib:Object

 0000:00000000       ___safe_se_handler_table   0000000000000000     <absolute>
 0000:00000000       ___safe_se_handler_count   0000000000000000     <absolute>
 0000:00000000       __ImageBase                0000000180000000     <linker-defined>
 0001:00000000       sf_c1_ascenseur_simplev2_get_eml_resolved_functions_info 0000000180001000 f   c1_ascenseur_simplev2.obj
 0001:00000080       sf_c1_ascenseur_simplev2_get_check_sum 0000000180001080 f   c1_ascenseur_simplev2.obj
 0001:00000100       sf_c1_ascenseur_simplev2_get_autoinheritance_info 0000000180001100 f   c1_ascenseur_simplev2.obj
 0001:00001470       sf_c1_ascenseur_simplev2_third_party_uses_info 0000000180002470 f   c1_ascenseur_simplev2.obj
 0001:000014a0       sf_internal_get_sim_state_c1_ascenseur_simplev2 00000001800024a0 f   c1_ascenseur_simplev2.obj
 0001:000021f0       sf_internal_set_sim_state_c1_ascenseur_simplev2 00000001800031f0 f   c1_ascenseur_simplev2.obj
 0001:00003fd0       c1_ascenseur_simplev2_method_dispatcher 0000000180004fd0 f   c1_ascenseur_simplev2.obj
 0001:00013850       sf_process_check_sum_call  0000000180014850 f   ascenseur_simplev2_sfun_registry.obj
 0001:000138a0       sf_process_autoinheritance_call 00000001800148a0 f   ascenseur_simplev2_sfun_registry.obj
 0001:00013a40       sf_process_get_third_party_uses_info_call 0000000180014a40 f   ascenseur_simplev2_sfun_registry.obj
 0001:00013be0       sf_process_get_eml_resolved_functions_info_call 0000000180014be0 f   ascenseur_simplev2_sfun_registry.obj
 0001:00013d60       sf_mex_unlock_call         0000000180014d60 f   ascenseur_simplev2_sfun_registry.obj
 0001:00013e10       sf_machine_global_initializer_called 0000000180014e10 f   ascenseur_simplev2_sfun_registry.obj
 0001:00013e40       sf_machine_global_method_dispatcher 0000000180014e40 f   ascenseur_simplev2_sfun_registry.obj
 0001:00013ea0       sf_machine_global_terminator 0000000180014ea0 f   ascenseur_simplev2_sfun_registry.obj
 0001:00013ef0       sf_register_machine_exported_symbols 0000000180014ef0 f   ascenseur_simplev2_sfun_registry.obj
 0001:00013f10       callCustomFcn              0000000180014f10 f   ascenseur_simplev2_sfun_registry.obj
 0001:00013f20       sf_machine_global_initializer 0000000180014f20 f   ascenseur_simplev2_sfun_registry.obj
 0001:00013fa0       _ssSetStateAbsTol          0000000180014fa0 f   ascenseur_simplev2_sfun_registry.obj
 0001:00014080       _ssGetAbsTol               0000000180015080 f   ascenseur_simplev2_sfun_registry.obj
 0001:000140f0       _ssSetInputPortMatrixDimensions 00000001800150f0 f   ascenseur_simplev2_sfun_registry.obj
 0001:00014200       _ssSetOutputPortMatrixDimensions 0000000180015200 f   ascenseur_simplev2_sfun_registry.obj
 0001:00014310       _ssSetInputPortVectorDimension 0000000180015310 f   ascenseur_simplev2_sfun_registry.obj
 0001:000143e0       _ssSetOutputPortVectorDimension 00000001800153e0 f   ascenseur_simplev2_sfun_registry.obj
 0001:000144b0       ssIsRunTimeParamTunable    00000001800154b0 f   ascenseur_simplev2_sfun_registry.obj
 0001:00014520       ssGetSFuncBlockHandle      0000000180015520 f   ascenseur_simplev2_sfun_registry.obj
 0001:00014590       _ssGetCurrentInputPortWidth 0000000180015590 f   ascenseur_simplev2_sfun_registry.obj
 0001:000146b0       _ssGetCurrentOutputPortWidth 00000001800156b0 f   ascenseur_simplev2_sfun_registry.obj
 0001:000147d0       _ssGetCallSystemNumFcnCallDestinations 00000001800157d0 f   ascenseur_simplev2_sfun_registry.obj
 0001:00014840       ssWarning                  0000000180015840 f   ascenseur_simplev2_sfun_registry.obj
 0001:00014950       ssGetIsZeroCrossControlDisabled 0000000180015950 f   ascenseur_simplev2_sfun_registry.obj
 0001:000149c0       ssSetIsInputPortUsedForContZcSignal 00000001800159c0 f   ascenseur_simplev2_sfun_registry.obj
 0001:00014a30       ssSetZcSignalIsZcElementDisc 0000000180015a30 f   ascenseur_simplev2_sfun_registry.obj
 0001:00014ae0       ssSetZcSignalName          0000000180015ae0 f   ascenseur_simplev2_sfun_registry.obj
 0001:00014b50       ssSetZcSignalWidth         0000000180015b50 f   ascenseur_simplev2_sfun_registry.obj
 0001:00014bc0       ssSetZcSignalZcEventType   0000000180015bc0 f   ascenseur_simplev2_sfun_registry.obj
 0001:00014c30       ssSetZcSignalType          0000000180015c30 f   ascenseur_simplev2_sfun_registry.obj
 0001:00014ca0       ssSetZcSignalZcTol         0000000180015ca0 f   ascenseur_simplev2_sfun_registry.obj
 0001:00014d10       ssSetZcSignalNeedsEventNotification 0000000180015d10 f   ascenseur_simplev2_sfun_registry.obj
 0001:00014d80       ssCreateAndAddZcSignalInfo 0000000180015d80 f   ascenseur_simplev2_sfun_registry.obj
 0001:00014df0       ssCloneAndAddZcSignalInfo  0000000180015df0 f   ascenseur_simplev2_sfun_registry.obj
 0001:00014e60       ssGetNumZcSignals          0000000180015e60 f   ascenseur_simplev2_sfun_registry.obj
 0001:00014ed0       ssGetZcSignalVector        0000000180015ed0 f   ascenseur_simplev2_sfun_registry.obj
 0001:00014f40       ssGetZcSignalZcEvents      0000000180015f40 f   ascenseur_simplev2_sfun_registry.obj
 0001:00014fb0       ssGetZcSignalName          0000000180015fb0 f   ascenseur_simplev2_sfun_registry.obj
 0001:00015020       ssGetZcSignalWidth         0000000180016020 f   ascenseur_simplev2_sfun_registry.obj
 0001:00015090       ssGetZcSignalZcEventType   0000000180016090 f   ascenseur_simplev2_sfun_registry.obj
 0001:00015100       ssGetZcSignalType          0000000180016100 f   ascenseur_simplev2_sfun_registry.obj
 0001:00015170       ssGetZcSignalZcTol         0000000180016170 f   ascenseur_simplev2_sfun_registry.obj
 0001:000151f0       ssGetZcSignalNeedsEventNotification 00000001800161f0 f   ascenseur_simplev2_sfun_registry.obj
 0001:00015260       ssGetZcSignalIsZcElementDisc 0000000180016260 f   ascenseur_simplev2_sfun_registry.obj
 0001:00015300       ssGetIsInputPortElementContinuous 0000000180016300 f   ascenseur_simplev2_sfun_registry.obj
 0001:000153a0       _ssGetInputPortSignalPtrsFcn 00000001800163a0 f   ascenseur_simplev2_sfun_registry.obj
 0001:00015660       _ssGetInputPortSignalFcn   0000000180016660 f   ascenseur_simplev2_sfun_registry.obj
 0001:00015880       _ssSetInputPortDirectFeedThroughFcn 0000000180016880 f   ascenseur_simplev2_sfun_registry.obj
 0001:000159e0       _ssSetInputPortReusableFcn 00000001800169e0 f   ascenseur_simplev2_sfun_registry.obj
 0001:00015ad0       _ssSetOutputPortReusableFcn 0000000180016ad0 f   ascenseur_simplev2_sfun_registry.obj
 0001:00015bb0       ssGetDTypeIdFromMxArray    0000000180016bb0 f   ascenseur_simplev2_sfun_registry.obj
 0001:00015cd0       ssWriteRTWStr              0000000180016cd0 f   ascenseur_simplev2_sfun_registry.obj
 0001:00015d30       ssWriteRTWMxVectParam      0000000180016d30 f   ascenseur_simplev2_sfun_registry.obj
 0001:00015d90       ssWriteRTWMx2dMatParam     0000000180016d90 f   ascenseur_simplev2_sfun_registry.obj
 0001:00015e10       ssWriteRTWNameValuePair    0000000180016e10 f   ascenseur_simplev2_sfun_registry.obj
 0001:00016300       ssWriteRTWParameters       0000000180017300 f   ascenseur_simplev2_sfun_registry.obj
 0001:00016900       ssWriteRTWParamSettings    0000000180017900 f   ascenseur_simplev2_sfun_registry.obj
 0001:00016fd0       ssWriteRTWWorkVect         0000000180017fd0 f   ascenseur_simplev2_sfun_registry.obj
 0001:000174d0       mexFunction                00000001800184d0 f   ascenseur_simplev2_sfun_registry.obj
 0001:00019200       ProcessMexSfunctionEveryCall 000000018001a200 f   ascenseur_simplev2_sfun_registry.obj
 0001:00019370       ascenseur_simplev2_initializer 000000018001a370 f   ascenseur_simplev2_sfun.obj
 0001:00019380       ascenseur_simplev2_terminator 000000018001a380 f   ascenseur_simplev2_sfun.obj
 0001:00019390       sf_ascenseur_simplev2_method_dispatcher 000000018001a390 f   ascenseur_simplev2_sfun.obj
 0001:000193e0       sf_ascenseur_simplev2_process_check_sum_call 000000018001a3e0 f   ascenseur_simplev2_sfun.obj
 0001:000197f0       sf_ascenseur_simplev2_autoinheritance_info 000000018001a7f0 f   ascenseur_simplev2_sfun.obj
 0001:00019960       sf_ascenseur_simplev2_get_eml_resolved_functions_info 000000018001a960 f   ascenseur_simplev2_sfun.obj
 0001:00019a90       sf_ascenseur_simplev2_third_party_uses_info 000000018001aa90 f   ascenseur_simplev2_sfun.obj
 0001:00019be0       ascenseur_simplev2_debug_initialize 000000018001abe0 f   ascenseur_simplev2_sfun.obj
 0001:00019c60       ascenseur_simplev2_register_exported_symbols 000000018001ac60 f   ascenseur_simplev2_sfun.obj
 0001:00019c70       load_ascenseur_simplev2_optimization_info 000000018001ac70 f   ascenseur_simplev2_sfun.obj
 0001:00019cc0       unload_ascenseur_simplev2_optimization_info 000000018001acc0 f   ascenseur_simplev2_sfun.obj
 0001:00019de0       sf_mex_mx_is_numeric       000000018001ade0 f   sfc_mex:sfc_mex.obj
 0001:00019e20       strcmp_ignore_ws           000000018001ae20 f   sfc_mex:sfc_mex.obj
 0001:00019f60       sf_mex_duplicatearraysafe  000000018001af60 f   sfc_mex:sfc_mex.obj
 0001:0001a0c0       sf_set_error_debugger_context_message_fcn 000000018001b0c0 f   sfc_mex:sfc_mex.obj
 0001:0001a0d0       sf_set_debugger_matlab_error_fcn 000000018001b0d0 f   sfc_mex:sfc_mex.obj
 0001:0001a110       sf_set_error_prefix_string 000000018001b110 f   sfc_mex:sfc_mex.obj
 0001:0001a140       sf_get_error_prefix_string 000000018001b140 f   sfc_mex:sfc_mex.obj
 0001:0001a150       sf_mex_enter_parallel_region 000000018001b150 f   sfc_mex:sfc_mex.obj
 0001:0001a160       sf_mex_exit_parallel_region 000000018001b160 f   sfc_mex:sfc_mex.obj
 0001:0001a170       sf_get_current_jmp_buf_ptr 000000018001b170 f   sfc_mex:sfc_mex.obj
 0001:0001a180       sf_set_current_jmp_buf_ptr 000000018001b180 f   sfc_mex:sfc_mex.obj
 0001:0001a190       sf_mex_set_halt_simulation 000000018001b190 f   sfc_mex:sfc_mex.obj
 0001:0001a1a0       sf_mex_get_halt_simulation 000000018001b1a0 f   sfc_mex:sfc_mex.obj
 0001:0001a1b0       sf_mex_clear_error_message 000000018001b1b0 f   sfc_mex:sfc_mex.obj
 0001:0001a1d0       sf_mex_get_error_message_for_read 000000018001b1d0 f   sfc_mex:sfc_mex.obj
 0001:0001a1e0       sf_mex_get_error_message_buffer_length 000000018001b1e0 f   sfc_mex:sfc_mex.obj
 0001:0001a2c0       sf_mex_warning_message     000000018001b2c0 f   sfc_mex:sfc_mex.obj
 0001:0001a330       sf_mex_v_errbuf_createf    000000018001b330 f   sfc_mex:sfc_mex.obj
 0001:0001a340       sf_mex_errbuf_createf      000000018001b340 f   sfc_mex:sfc_mex.obj
 0001:0001a370       sf_mex_v_errbuf_catf       000000018001b370 f   sfc_mex:sfc_mex.obj
 0001:0001a3b0       sf_mex_errbuf_catf         000000018001b3b0 f   sfc_mex:sfc_mex.obj
 0001:0001a400       sf_mex_errbuf_copy         000000018001b400 f   sfc_mex:sfc_mex.obj
 0001:0001a410       sf_mex_errbuf_clear        000000018001b410 f   sfc_mex:sfc_mex.obj
 0001:0001a420       sf_mex_errbuf_isempty      000000018001b420 f   sfc_mex:sfc_mex.obj
 0001:0001a520       sf_mex_set_error_status    000000018001b520 f   sfc_mex:sfc_mex.obj
 0001:0001a570       sf_mex_error_direct_call   000000018001b570 f   sfc_mex:sfc_mex.obj
 0001:0001a590       sf_mex_error_message_no_long_jump 000000018001b590 f   sfc_mex:sfc_mex.obj
 0001:0001a5b0       sf_mex_long_jump_on_error  000000018001b5b0 f   sfc_mex:sfc_mex.obj
 0001:0001a5e0       sf_mex_call_matlab         000000018001b5e0 f   sfc_mex:sfc_mex.obj
 0001:0001a700       sf_mex_check_builtin       000000018001b700 f   sfc_mex:sfc_mex.obj
 0001:0001a7a0       sf_mex_check_builtin_vs    000000018001b7a0 f   sfc_mex:sfc_mex.obj
 0001:0001a860       sf_mex_check_enum          000000018001b860 f   sfc_mex:sfc_mex.obj
 0001:0001a8e0       sf_mex_create_enum         000000018001b8e0 f   sfc_mex:sfc_mex.obj
 0001:0001a950       sf_mex_get_enum_element    000000018001b950 f   sfc_mex:sfc_mex.obj
 0001:0001a960       sf_mex_createcellarray     000000018001b960 f   sfc_mex:sfc_mex.obj
 0001:0001a970       sf_mex_setcell             000000018001b970 f   sfc_mex:sfc_mex.obj
 0001:0001a980       sf_mex_getcell             000000018001b980 f   sfc_mex:sfc_mex.obj
 0001:0001a990       sf_mex_dup                 000000018001b990 f   sfc_mex:sfc_mex.obj
 0001:0001a9b0       sf_mex_assign              000000018001b9b0 f   sfc_mex:sfc_mex.obj
 0001:0001aa30       sf_mex_destroy             000000018001ba30 f   sfc_mex:sfc_mex.obj
 0001:0001aa60       mx_array_has_fi_type       000000018001ba60 f   sfc_mex:sfc_mex.obj
 0001:0001aa90       sf_mex_convert_from_fi     000000018001ba90 f   sfc_mex:sfc_mex.obj
 0001:0001abc0       sf_mex_convert_to_double   000000018001bbc0 f   sfc_mex:sfc_mex.obj
 0001:0001ace0       sf_mex_import_fi_vs        000000018001bce0 f   sfc_mex:sfc_mex.obj
 0001:0001af10       sf_matrix_matrix_index_ok  000000018001bf10 f   sfc_mex:sfc_mex.obj
 0001:0001afa0       sf_vector_vector_index_ok  000000018001bfa0 f   sfc_mex:sfc_mex.obj
 0001:0001afd0       ssGetCurrentInputPortDimensions_wrapper 000000018001bfd0 f   sfc_mex:sfc_mex.obj
 0001:0001aff0       ssGetCurrentOutputPortDimensions_wrapper 000000018001bff0 f   sfc_mex:sfc_mex.obj
 0001:0001b010       sf_mex_emlrt_context_is_debug_mode 000000018001c010 f   sfc_mex:sfc_mex.obj
 0001:0001b020       sf_mex_emlrt_context_set_debug_mode 000000018001c020 f   sfc_mex:sfc_mex.obj
 0001:0001b030       sf_mex_emlrtNameCapturePostProcessR2012a 000000018001c030 f   sfc_mex:sfc_mex.obj
 0001:0001b0a0       sf_clear_error_manager_info 000000018001c0a0 f   sfc_mex:sfc_mex.obj
 0001:0001b100       sf_mex_stop_simulation_abruptly_wo_error 000000018001c100 f   sfc_mex:sfc_mex.obj
 0001:0001b140       sf_mex_error_message       000000018001c140 f   sfc_mex:sfc_mex.obj
 0001:0001b1b0       sf_react_to_error_in_matlab_call 000000018001c1b0 f   sfc_mex:sfc_mex.obj
 0001:0001b1e0       sf_mex_addfield            000000018001c1e0 f   sfc_mex:sfc_mex.obj
 0001:0001b280       sf_mex_getfield            000000018001c280 f   sfc_mex:sfc_mex.obj
 0001:0001b580       sf_mex_check_class         000000018001c580 f   sfc_mex:sfc_mex.obj
 0001:0001b620       sf_mex_is_real             000000018001c620 f   sfc_mex:sfc_mex.obj
 0001:0001ba90       sf_mex_decode_encoded_mx_struct_array 000000018001ca90 f   sfc_mex:sfc_mex.obj
 0001:0001bd80       sf_mex_lw_bounds_check     000000018001cd80 f   sfc_mex:sfc_mex.obj
 0001:0001bdb0       sf_mex_lw_size_eq_check_1d 000000018001cdb0 f   sfc_mex:sfc_mex.obj
 0001:0001bdd0       sf_mex_lw_size_eq_check_nd 000000018001cdd0 f   sfc_mex:sfc_mex.obj
 0001:0001bfb0       sf_mex_lw_dim_size_eq_check 000000018001cfb0 f   sfc_mex:sfc_mex.obj
 0001:0001bfe0       sf_mex_lw_dim_size_geq_check 000000018001cfe0 f   sfc_mex:sfc_mex.obj
 0001:0001c010       sf_mex_lw_sub_assign_size_check_nd 000000018001d010 f   sfc_mex:sfc_mex.obj
 0001:0001c1e0       sf_mex_lw_runtime_error_msgid 000000018001d1e0 f   sfc_mex:sfc_mex.obj
 0001:0001c2d0       sf_mex_lw_matrix_matrix_index_check 000000018001d2d0 f   sfc_mex:sfc_mex.obj
 0001:0001c2f0       sf_mex_lw_vector_vector_index_check 000000018001d2f0 f   sfc_mex:sfc_mex.obj
 0001:0001c330       sf_mex_lw_for_loop_vector_check 000000018001d330 f   sfc_mex:sfc_mex.obj
 0001:0001c3c0       sf_mex_lw_non_negative_check 000000018001d3c0 f   sfc_mex:sfc_mex.obj
 0001:0001c400       sf_mex_overflow_error      000000018001d400 f   sfc_mex:sfc_mex.obj
 0001:0001c410       sf_mex_dividebyzero_error  000000018001d410 f   sfc_mex:sfc_mex.obj
 0001:0001c420       sf_mex_unsafe_enum_error   000000018001d420 f   sfc_mex:sfc_mex.obj
 0001:0001c430       sf_emlrtErrHandler         000000018001d430 f   sfc_mex:sfc_mex.obj
 0001:0001c510       sf_mex_size_one_check      000000018001d510 f   sfc_mex:sfc_mex.obj
 0001:0001c530       sf_mex_printf              000000018001d530 f   sfc_mex:sfc_mex.obj
 0001:0001c700       sf_mex_check_size          000000018001d700 f   sfc_mex:sfc_mex.obj
 0001:0001c9a0       sf_mex_check_struct        000000018001d9a0 f   sfc_mex:sfc_mex.obj
 0001:0001cc00       sf_mex_check_struct_vs     000000018001dc00 f   sfc_mex:sfc_mex.obj
 0001:0001cc90       sf_mex_check_fi            000000018001dc90 f   sfc_mex:sfc_mex.obj
 0001:0001cd90       sf_mex_check_fi_vs         000000018001dd90 f   sfc_mex:sfc_mex.obj
 0001:0001ce30       sf_echo_expression         000000018001de30 f   sfc_mex:sfc_mex.obj
 0001:0001ce90       sf_assertion_failed        000000018001de90 f   sfc_mex:sfc_mex.obj
 0001:0001d170       sf_mex_evalin              000000018001e170 f   sfc_mex:sfc_mex.obj
 0001:0001d3e0       sf_mex_export              000000018001e3e0 f   sfc_mex:sfc_mex.obj
 0001:0001d4a0       sf_mex_get_ml_var_no_error 000000018001e4a0 f   sfc_mex:sfc_mex.obj
 0001:0001d640       sf_mex_get_ml_var          000000018001e640 f   sfc_mex:sfc_mex.obj
 0001:0001dad0       ml_set_element_value_in_array 000000018001ead0 f   sfc_mex:sfc_mex.obj
 0001:0001eb90       sf_mex_call_impl           000000018001fb90 f   sfc_mex:sfc_mex.obj
 0001:0001efb0       sf_mex_call_debug          000000018001ffb0 f   sfc_mex:sfc_mex.obj
 0001:0001efe0       sf_mex_call                000000018001ffe0 f   sfc_mex:sfc_mex.obj
 0001:0001f630       sf_mex_createstruct        0000000180020630 f   sfc_mex:sfc_mex.obj
 0001:0001f740       sf_mex_createstructarray   0000000180020740 f   sfc_mex:sfc_mex.obj
 0001:0001f7c0       sf_mex_get_mx_datatype_from_sf_datatype 00000001800207c0 f   sfc_mex:sfc_mex.obj
 0001:0001fad0       sf_mex_ml_var_sub          0000000180020ad0 f   sfc_mex:sfc_mex.obj
 0001:0001fcb0       sf_mex_ml_var_subsasgn     0000000180020cb0 f   sfc_mex:sfc_mex.obj
 0001:000200b0       sf_mex_sub                 00000001800210b0 f   sfc_mex:sfc_mex.obj
 0001:000202c0       sf_mex_subsasgn            00000001800212c0 f   sfc_mex:sfc_mex.obj
 0001:000207d0       sf_mex_create              00000001800217d0 f   sfc_mex:sfc_mex.obj
 0001:00021170       sf_mex_import_named        0000000180022170 f   sfc_mex:sfc_mex.obj
 0001:000211d0       sf_mex_import              00000001800221d0 f   sfc_mex:sfc_mex.obj
 0001:00021220       sf_mex_import_vs           0000000180022220 f   sfc_mex:sfc_mex.obj
 0001:00021330       sf_mex_lower_fixpt_mx_array 0000000180022330 f   sfc_mex:sfc_mex.obj
 0001:00021630       sf_send_message_wrapper    0000000180022630 f   sfc_mex:sfc_sf.obj
 0001:00021660       sf_receive_message_wrapper 0000000180022660 f   sfc_mex:sfc_sf.obj
 0001:000216a0       sf_check_out_message_wrapper 00000001800226a0 f   sfc_mex:sfc_sf.obj
 0001:000216e0       sf_check_in_message_wrapper 00000001800226e0 f   sfc_mex:sfc_sf.obj
 0001:00021720       sf_no_message_wrapper      0000000180022720 f   sfc_mex:sfc_sf.obj
 0001:00021ab0       sim_mode_is_rtw_gen        0000000180022ab0 f   sfc_mex:sfc_sf.obj
 0001:00021ae0       sim_mode_is_external       0000000180022ae0 f   sfc_mex:sfc_sf.obj
 0001:00021af0       sim_mode_is_modelref_sim   0000000180022af0 f   sfc_mex:sfc_sf.obj
 0001:00021b10       mdlInitializeSizes         0000000180022b10 f   sfc_mex:sfc_sf.obj
 0001:00021b30       mdlInitializeSampleTimes   0000000180022b30 f   sfc_mex:sfc_sf.obj
 0001:00021b70       mdlZeroCrossings           0000000180022b70 f   sfc_mex:sfc_sf.obj
 0001:00021c60       mdlDerivatives             0000000180022c60 f   sfc_mex:sfc_sf.obj
 0001:00021d20       mdl_initialize_conditions_processing 0000000180022d20 f   sfc_mex:sfc_sf.obj
 0001:00021d50       mdlInitializeConditions    0000000180022d50 f   sfc_mex:sfc_sf.obj
 0001:00021e10       mdlGetSimState             0000000180022e10 f   sfc_mex:sfc_sf.obj
 0001:00021e20       mdlSetSimState             0000000180022e20 f   sfc_mex:sfc_sf.obj
 0001:00021e30       mdl_ext_mode_exec_processing 0000000180022e30 f   sfc_mex:sfc_sf.obj
 0001:00021e50       mdlExtModeExec             0000000180022e50 f   sfc_mex:sfc_sf.obj
 0001:00021ff0       mdlTerminate               0000000180022ff0 f   sfc_mex:sfc_sf.obj
 0001:00022060       mdlRTW                     0000000180023060 f   sfc_mex:sfc_sf.obj
 0001:00022090       mdlSetWorkWidths           0000000180023090 f   sfc_mex:sfc_sf.obj
 0001:000220a0       mdlProcessParameters       00000001800230a0 f   sfc_mex:sfc_sf.obj
 0001:000220b0       mdl_start_processing       00000001800230b0 f   sfc_mex:sfc_sf.obj
 0001:00022110       mdlStart                   0000000180023110 f   sfc_mex:sfc_sf.obj
 0001:00022220       mdlEnable                  0000000180023220 f   sfc_mex:sfc_sf.obj
 0001:00022300       mdlDisable                 0000000180023300 f   sfc_mex:sfc_sf.obj
 0001:000223c0       sf_get_chart_instance_ptr  00000001800233c0 f   sfc_mex:sfc_sf.obj
 0001:000223e0       sf_load_rtw_optimization_info 00000001800233e0 f   sfc_mex:sfc_sf.obj
 0001:000224b0       sf_update_buildInfo        00000001800234b0 f   sfc_mex:sfc_sf.obj
 0001:000225b0       sf_rtw_info_uint_prop      00000001800235b0 f   sfc_mex:sfc_sf.obj
 0001:000226f0       sf_is_chart_inlinable      00000001800236f0 f   sfc_mex:sfc_sf.obj
 0001:00022710       sf_mark_output_events_with_multiple_callers 0000000180023710 f   sfc_mex:sfc_sf.obj
 0001:000228a0       sf_mark_chart_reusable_outputs 00000001800238a0 f   sfc_mex:sfc_sf.obj
 0001:00022b00       sf_mark_chart_expressionable_inputs 0000000180023b00 f   sfc_mex:sfc_sf.obj
 0001:00022d60       sf_get_subchart_simstruct  0000000180023d60 f   sfc_mex:sfc_sf.obj
 0001:00022db0       sf_get_fixpt_data_type_id  0000000180023db0 f   sfc_mex:sfc_sf.obj
 0001:00022df0       sf_get_enum_data_type_id   0000000180023df0 f   sfc_mex:sfc_sf.obj
 0001:00022e30       sf_get_param_data_type_id  0000000180023e30 f   sfc_mex:sfc_sf.obj
 0001:00022e60       sf_mex_listen_for_ctrl_c_force 0000000180023e60 f   sfc_mex:sfc_sf.obj
 0001:00022f70       sf_mex_draw_now            0000000180023f70 f   sfc_mex:sfc_sf.obj
 0001:00022fb0       sf_mex_set_debugger_sim_status_listener_fcn 0000000180023fb0 f   sfc_mex:sfc_sf.obj
 0001:00022fc0       sf_mex_listen_for_ctrl_c   0000000180023fc0 f   sfc_mex:sfc_sf.obj
 0001:00023060       sf_mex_get_sfun_param      0000000180024060 f   sfc_mex:sfc_sf.obj
 0001:000230b0       sf_get_runtime_param_data  00000001800240b0 f   sfc_mex:sfc_sf.obj
 0001:000230f0       sf_call_output_fcn_call    00000001800240f0 f   sfc_mex:sfc_sf.obj
 0001:00023230       sf_call_output_fcn_enable  0000000180024230 f   sfc_mex:sfc_sf.obj
 0001:000232c0       sf_call_output_fcn_disable 00000001800242c0 f   sfc_mex:sfc_sf.obj
 0001:00023350       sf_clear_rtw_identifier    0000000180024350 f   sfc_mex:sfc_sf.obj
 0001:00023b70       sf_set_encoded_dwork_info  0000000180024b70 f   sfc_mex:sfc_sf.obj
 0001:00023bc0       sf_get_dwork_info_from_mat_file 0000000180024bc0 f   sfc_mex:sfc_sf.obj
 0001:00023d80       sf_set_rtw_dwork_info      0000000180024d80 f   sfc_mex:sfc_sf.obj
 0001:00023ef0       mdlOutputs                 0000000180024ef0 f   sfc_mex:sfc_sf.obj
 0001:00024010       sf_debug_chart_instance_initialized_quick 0000000180025010 f   sfc_debug:sfcdebug.obj
 0001:00024090       sf_debug_disp              0000000180025090 f   sfc_debug:sfcdebug.obj
 0001:00024360       sf_debug_data_runtime_size_mismatch_error_check 0000000180025360 f   sfc_debug:sfcdebug.obj
 0001:00024410       sf_debug_try_loading_machine 0000000180025410 f   sfc_debug:sfcdebug.obj
 0001:00024510       sf_debug_reset_current_state_configuration 0000000180025510 f   sfc_debug:sfcdebug.obj
 0001:00024590       sf_debug_store_current_state_configuration 0000000180025590 f   sfc_debug:sfcdebug.obj
 0001:00024610       sf_debug_restore_previous_state_configuration 0000000180025610 f   sfc_debug:sfcdebug.obj
 0001:00024690       sf_debug_restore_previous_state_configuration2 0000000180025690 f   sfc_debug:sfcdebug.obj
 0001:00024710       sf_debug_get_event_scope   0000000180025710 f   sfc_debug:sfcdebug.obj
 0001:00024880       use_debugger_step_animation 0000000180025880 f   sfc_debug:sfcdebug.obj
 0001:000248a0       sf_debug_get_script_id     00000001800258a0 f   sfc_debug:sfcdebug.obj
 0001:00024930       sf_debug_set_script_translation 0000000180025930 f   sfc_debug:sfcdebug.obj
 0001:00024ab0       sf_debug_extract_message_post_receive_info 0000000180025ab0 f   sfc_debug:sfcdebug.obj
 0001:00024c70       sf_debug_get_current_machine_id 0000000180025c70 f   sfc_debug:sfcdebug.obj
 0001:00024c90       sf_debug_get_current_optional_integer 0000000180025c90 f   sfc_debug:sfcdebug.obj
 0001:00024ca0       sf_debug_get_current_machine_number 0000000180025ca0 f   sfc_debug:sfcdebug.obj
 0001:00024cc0       sf_debug_get_current_machine_name 0000000180025cc0 f   sfc_debug:sfcdebug.obj
 0001:00024ce0       sf_debug_get_current_chart_id 0000000180025ce0 f   sfc_debug:sfcdebug.obj
 0001:00024d20       sf_debug_get_current_chart_number 0000000180025d20 f   sfc_debug:sfcdebug.obj
 0001:00024d30       sf_debug_get_current_instance_number 0000000180025d30 f   sfc_debug:sfcdebug.obj
 0001:00024d40       sf_debug_get_current_is_minor_time_step 0000000180025d40 f   sfc_debug:sfcdebug.obj
 0001:00024dc0       sf_debug_get_current_object_type 0000000180025dc0 f   sfc_debug:sfcdebug.obj
 0001:00024dd0       sf_debug_get_current_instance_handle 0000000180025dd0 f   sfc_debug:sfcdebug.obj
 0001:00024e30       sf_debug_get_current_event_type 0000000180025e30 f   sfc_debug:sfcdebug.obj
 0001:00024e40       sf_debug_get_current_object_id 0000000180025e40 f   sfc_debug:sfcdebug.obj
 0001:00024e80       sf_debug_get_current_active_event_type 0000000180025e80 f   sfc_debug:sfcdebug.obj
 0001:00024e90       sf_debug_get_current_active_event_id 0000000180025e90 f   sfc_debug:sfcdebug.obj
 0001:00024ed0       sf_debug_get_current_tag_type 0000000180025ed0 f   sfc_debug:sfcdebug.obj
 0001:00024ee0       sf_debug_get_current_simulation_time 0000000180025ee0 f   sfc_debug:sfcdebug.obj
 0001:00024ef0       sf_debug_get_current_coverage_percentage 0000000180025ef0 f   sfc_debug:sfcdebug.obj
 0001:00024f00       sf_debug_current_statement_context 0000000180025f00 f   sfc_debug:sfcdebug.obj
 0001:00024f80       sf_debug_get_current_statement_info 0000000180025f80 f   sfc_debug:sfcdebug.obj
 0001:00025120       sf_debug_terminate_instance 0000000180026120 f   sfc_debug:sfcdebug.obj
 0001:00025440       sf_debug_assertion_failed  0000000180026440 f   sfc_debug:sfcdebug.obj
 0001:00025610       sf_debug_create_debug_instance_struct 0000000180026610 f   sfc_debug:sfcdebug.obj
 0001:00025660       sf_debug_set_number_of_data_with_change_event_for_machine 0000000180026660 f   sfc_debug:sfcdebug.obj
 0001:000256b0       sf_debug_set_machine_event_thresholds 00000001800266b0 f   sfc_debug:sfcdebug.obj
 0001:000256d0       sf_debug_set_machine_event_scope 00000001800266d0 f   sfc_debug:sfcdebug.obj
 0001:00025720       sf_debug_set_machine_data_thresholds 0000000180026720 f   sfc_debug:sfcdebug.obj
 0001:00025770       sf_debug_set_machine_data_scope 0000000180026770 f   sfc_debug:sfcdebug.obj
 0001:00025810       sf_debug_set_machine_data_name 0000000180026810 f   sfc_debug:sfcdebug.obj
 0001:000258c0       sf_debug_set_machine_data_size 00000001800268c0 f   sfc_debug:sfcdebug.obj
 0001:00025a10       sf_debug_set_machine_data_type 0000000180026a10 f   sfc_debug:sfcdebug.obj
 0001:00025b80       sf_debug_get_chart_data_number 0000000180026b80 f   sfc_debug:sfcdebug.obj
 0001:00025ba0       sf_debug_get_chart_event_number 0000000180026ba0 f   sfc_debug:sfcdebug.obj
 0001:00025bc0       sf_debug_set_chart_state_info 0000000180026bc0 f   sfc_debug:sfcdebug.obj
 0001:00025c50       sf_debug_set_chart_decomposition 0000000180026c50 f   sfc_debug:sfcdebug.obj
 0001:00025cc0       sf_debug_set_chart_substate_count 0000000180026cc0 f   sfc_debug:sfcdebug.obj
 0001:00025da0       sf_debug_set_chart_substate_index 0000000180026da0 f   sfc_debug:sfcdebug.obj
 0001:00025e20       sf_debug_set_chart_state_substate_count 0000000180026e20 f   sfc_debug:sfcdebug.obj
 0001:00025f40       sf_debug_set_chart_state_substate_index 0000000180026f40 f   sfc_debug:sfcdebug.obj
 0001:00025fd0       sf_debug_set_number_of_data_with_change_event_for_chart 0000000180026fd0 f   sfc_debug:sfcdebug.obj
 0001:00026060       sf_debug_set_number_of_states_with_entry_event_for_chart 0000000180027060 f   sfc_debug:sfcdebug.obj
 0001:000260e0       sf_debug_set_number_of_states_with_exit_event_for_chart 00000001800270e0 f   sfc_debug:sfcdebug.obj
 0001:00026160       sf_debug_set_chart_disable_implicit_casting 0000000180027160 f   sfc_debug:sfcdebug.obj
 0001:000261d0       sf_debug_set_chart_event_thresholds 00000001800271d0 f   sfc_debug:sfcdebug.obj
 0001:00026250       sf_debug_set_chart_data_compiled_props 0000000180027250 f   sfc_debug:sfcdebug.obj
 0001:00026590       sf_debug_set_chart_data_props 0000000180027590 f   sfc_debug:sfcdebug.obj
 0001:000268b0       sf_debug_check_fi_license  00000001800278b0 f   sfc_debug:sfcdebug.obj
 0001:00026a70       sf_debug_symbol_scope_push 0000000180027a70 f   sfc_debug:sfcdebug.obj
 0001:00026ab0       sf_debug_symbol_scope_push_eml 0000000180027ab0 f   sfc_debug:sfcdebug.obj
 0001:00026b00       sf_debug_symbol_scope_pop  0000000180027b00 f   sfc_debug:sfcdebug.obj
 0001:00026b40       sf_debug_symbol_scope_add_importable 0000000180027b40 f   sfc_debug:sfcdebug.obj
 0001:00026bc0       sf_debug_symbol_scope_add  0000000180027bc0 f   sfc_debug:sfcdebug.obj
 0001:00026c40       sf_debug_symbol_scope_add_dyn_importable 0000000180027c40 f   sfc_debug:sfcdebug.obj
 0001:00026d00       sf_debug_symbol_scope_add_dyn 0000000180027d00 f   sfc_debug:sfcdebug.obj
 0001:00026d40       sf_debug_symbol_scope_add_eml_importable 0000000180027d40 f   sfc_debug:sfcdebug.obj
 0001:00026d80       sf_debug_symbol_scope_add_eml 0000000180027d80 f   sfc_debug:sfcdebug.obj
 0001:00026dc0       sf_debug_symbol_scope_add_eml_dyn_importable 0000000180027dc0 f   sfc_debug:sfcdebug.obj
 0001:00026e20       sf_debug_symbol_scope_add_eml_dyn 0000000180027e20 f   sfc_debug:sfcdebug.obj
 0001:00026e80       sf_debug_symbol_switch     0000000180027e80 f   sfc_debug:sfcdebug.obj
 0001:00026ea0       sf_debug_symbol_scope_add_verbose 0000000180027ea0 f   sfc_debug:sfcdebug.obj
 0001:00026f70       sf_debug_set_machine_data_value_ptr 0000000180027f70 f   sfc_debug:sfcdebug.obj
 0001:00026fb0       sf_debug_set_instance_data_value_ptr 0000000180027fb0 f   sfc_debug:sfcdebug.obj
 0001:00027080       sf_debug_unset_instance_data_value_ptr 0000000180028080 f   sfc_debug:sfcdebug.obj
 0001:00027130       sf_debug_set_chart_event_scope 0000000180028130 f   sfc_debug:sfcdebug.obj
 0001:000271b0       sf_debug_set_chart_transition_coverage_maps 00000001800281b0 f   sfc_debug:sfcdebug.obj
 0001:000272b0       sf_debug_set_chart_state_coverage_maps 00000001800282b0 f   sfc_debug:sfcdebug.obj
 0001:00027380       sf_debug_set_instance_transition_coverage_weights 0000000180028380 f   sfc_debug:sfcdebug.obj
 0001:00027410       sf_debug_set_instance_state_coverage_weights 0000000180028410 f   sfc_debug:sfcdebug.obj
 0001:00027660       sf_debug_unload_machine    0000000180028660 f   sfc_debug:sfcdebug.obj
 0001:000276b0       sf_debug_load_machine      00000001800286b0 f   sfc_debug:sfcdebug.obj
 0001:000277c0       sf_debug_set_active_instance_in_data_dictionary 00000001800287c0 f   sfc_debug:sfcdebug.obj
 0001:000279a0       sf_debug_set_active_instance 00000001800289a0 f   sfc_debug:sfcdebug.obj
 0001:00027b00       sf_debug_chart_visiblity_change 0000000180028b00 f   sfc_debug:sfcdebug.obj
 0001:00027bf0       sf_debug_select_chart      0000000180028bf0 f   sfc_debug:sfcdebug.obj
 0001:00027d50       sf_debug_set_instance_cv_ids 0000000180028d50 f   sfc_debug:sfcdebug.obj
 0001:00028080       sf_debug_select_charts     0000000180029080 f   sfc_debug:sfcdebug.obj
 0001:00028230       sf_debug_initialized       0000000180029230 f   sfc_debug:sfcdebug.obj
 0001:00028250       sf_debug_is_uninterruptible 0000000180029250 f   sfc_debug:sfcdebug.obj
 0001:00028280       sf_debug_initialize_debugger_gui 0000000180029280 f   sfc_debug:sfcdebug.obj
 0001:00028660       sf_debug_resume            0000000180029660 f   sfc_debug:sfcdebug.obj
 0001:00028680       sf_debug_go                0000000180029680 f   sfc_debug:sfcdebug.obj
 0001:00028690       sf_debug_break             0000000180029690 f   sfc_debug:sfcdebug.obj
 0001:000286a0       sf_debug_step_over         00000001800296a0 f   sfc_debug:sfcdebug.obj
 0001:000286b0       sf_debug_step_out          00000001800296b0 f   sfc_debug:sfcdebug.obj
 0001:000286c0       sf_debug_set_disable_all_breakpoints 00000001800296c0 f   sfc_debug:sfcdebug.obj
 0001:000286d0       sf_debug_disable_all_breakpoints_and_go 00000001800296d0 f   sfc_debug:sfcdebug.obj
 0001:000286e0       sf_debug_break_on_chart_entry 00000001800296e0 f   sfc_debug:sfcdebug.obj
 0001:000286f0       sf_debug_break_on_event_broadcast 00000001800296f0 f   sfc_debug:sfcdebug.obj
 0001:00028700       sf_debug_break_on_state_entry 0000000180029700 f   sfc_debug:sfcdebug.obj
 0001:00028710       sf_debug_break_between_times 0000000180029710 f   sfc_debug:sfcdebug.obj
 0001:00028730       sf_debug_browse_data       0000000180029730 f   sfc_debug:sfcdebug.obj
 0001:00028740       sf_debug_watch_data        0000000180029740 f   sfc_debug:sfcdebug.obj
 0001:00028770       sf_debug_assign_data       0000000180029770 f   sfc_debug:sfcdebug.obj
 0001:00028780       sf_debug_whos              0000000180029780 f   sfc_debug:sfcdebug.obj
 0001:000287a0       sf_debug_get_consistency_info 00000001800297a0 f   sfc_debug:sfcdebug.obj
 0001:000287b0       sf_debug_browse_trace      00000001800297b0 f   sfc_debug:sfcdebug.obj
 0001:000287c0       sf_debug_set_breakpoints   00000001800297c0 f   sfc_debug:sfcdebug.obj
 0001:00028930       sf_debug_set_eml_breakpoints 0000000180029930 f   sfc_debug:sfcdebug.obj
 0001:00028a90       sf_debug_set_script_breakpoints 0000000180029a90 f   sfc_debug:sfcdebug.obj
 0001:00028b10       sf_debug_add_script_breakpoints 0000000180029b10 f   sfc_debug:sfcdebug.obj
 0001:00028b80       sf_debug_clear_script_breakpoints 0000000180029b80 f   sfc_debug:sfcdebug.obj
 0001:00028bf0       sf_debug_query_script_breakpoints 0000000180029bf0 f   sfc_debug:sfcdebug.obj
 0001:00028ca0       sf_debug_get_eml_script_id 0000000180029ca0 f   sfc_debug:sfcdebug.obj
 0001:00028cf0       sf_debug_set_watch         0000000180029cf0 f   sfc_debug:sfcdebug.obj
 0001:00028f10       sf_debug_get_instance_handle 0000000180029f10 f   sfc_debug:sfcdebug.obj
 0001:00028fa0       sf_debug_get_active_states 0000000180029fa0 f   sfc_debug:sfcdebug.obj
 0001:00028fb0       sf_debug_set_honor_breakpoints 0000000180029fb0 f   sfc_debug:sfcdebug.obj
 0001:00028fc0       sf_debug_get_animation     0000000180029fc0 f   sfc_debug:sfcdebug.obj
 0001:00028fd0       sf_debug_set_animation     0000000180029fd0 f   sfc_debug:sfcdebug.obj
 0001:00028fe0       sf_debug_animate           0000000180029fe0 f   sfc_debug:sfcdebug.obj
 0001:00029000       sf_debug_cycle_detection_check 000000018002a000 f   sfc_debug:sfcdebug.obj
 0001:00029010       sf_debug_data_range_check  000000018002a010 f   sfc_debug:sfcdebug.obj
 0001:00029020       sf_debug_transition_conflict_check 000000018002a020 f   sfc_debug:sfcdebug.obj
 0001:00029030       sf_debug_state_consistency_check 000000018002a030 f   sfc_debug:sfcdebug.obj
 0001:00029040       sf_debug_data_range_check_enabled 000000018002a040 f   sfc_debug:sfcdebug.obj
 0001:00029060       sf_debug_transition_conflict_check_enabled 000000018002a060 f   sfc_debug:sfcdebug.obj
 0001:00029080       sf_debug_transition_conflict_check_begin 000000018002a080 f   sfc_debug:sfcdebug.obj
 0001:000290a0       sf_debug_transition_conflict_check_end 000000018002a0a0 f   sfc_debug:sfcdebug.obj
 0001:000290c0       sf_debug_stop_debugging    000000018002a0c0 f   sfc_debug:sfcdebug.obj
 0001:000290f0       sf_debug_is_cycle_detected 000000018002a0f0 f   sfc_debug:sfcdebug.obj
 0001:00029100       sf_debug_is_array_bounds_detected 000000018002a100 f   sfc_debug:sfcdebug.obj
 0001:00029110       sf_debug_get_state_vectors_data_size 000000018002a110 f   sfc_debug:sfcdebug.obj
 0001:00029150       sf_debug_get_state_vectors_data 000000018002a150 f   sfc_debug:sfcdebug.obj
 0001:00029260       sf_debug_set_state_vectors_data 000000018002a260 f   sfc_debug:sfcdebug.obj
 0001:000294f0       sf_debug_get_script_index  000000018002a4f0 f   sfc_debug:sfcdebug.obj
 0001:00029680       sf_debug_add_script        000000018002a680 f   sfc_debug:sfcdebug.obj
 0001:00029810       cv_eval_point              000000018002a810 f   sfc_debug:sfcdebug.obj
 0001:00029980       cv_eval_testobjective      000000018002a980 f   sfc_debug:sfcdebug.obj
 0001:00029a90       sf_debug_cv_init_state     000000018002aa90 f   sfc_debug:sfcdebug.obj
 0001:00029bc0       sf_debug_cv_init_chart     000000018002abc0 f   sfc_debug:sfcdebug.obj
 0001:00029cb0       sf_debug_cv_init_trans     000000018002acb0 f   sfc_debug:sfcdebug.obj
 0001:00029dc0       sf_debug_cv_init_saturation 000000018002adc0 f   sfc_debug:sfcdebug.obj
 0001:00029ec0       sf_debug_cv_init_testobjectives 000000018002aec0 f   sfc_debug:sfcdebug.obj
 0001:0002a0a0       cv_eml_init_script         000000018002b0a0 f   sfc_debug:sfcdebug.obj
 0001:0002a1c0       cv_eml_init_fcn            000000018002b1c0 f   sfc_debug:sfcdebug.obj
 0001:0002a2d0       cv_eml_init_testobjective  000000018002b2d0 f   sfc_debug:sfcdebug.obj
 0001:0002a3b0       cv_eml_init_saturation     000000018002b3b0 f   sfc_debug:sfcdebug.obj
 0001:0002a480       cv_eml_init_if             000000018002b480 f   sfc_debug:sfcdebug.obj
 0001:0002a560       cv_eml_init_for            000000018002b560 f   sfc_debug:sfcdebug.obj
 0001:0002a630       cv_eml_init_while          000000018002b630 f   sfc_debug:sfcdebug.obj
 0001:0002a700       cv_eml_init_mcdc           000000018002b700 f   sfc_debug:sfcdebug.obj
 0001:0002a820       cv_eml_init_switch         000000018002b820 f   sfc_debug:sfcdebug.obj
 0001:0002a920       cv_eml_eval                000000018002b920 f   sfc_debug:sfcdebug.obj
 0001:0002aa10       sf_debug_bm_is_a_eml_breakpoint 000000018002ba10 f   sfc_debug:sfcdebug.obj
 0001:0002ab60       sf_debug_temporal_threshold 000000018002bb60 f   sfc_debug:sfcdebug.obj
 0001:0002aed0       sf_debug_transition_conflict_error 000000018002bed0 f   sfc_debug:sfcdebug.obj
 0001:0002b230       sf_debug_state_inconsistency_error 000000018002c230 f   sfc_debug:sfcdebug.obj
 0001:0002b350       sf_debug_check_for_state_inconsistency 000000018002c350 f   sfc_debug:sfcdebug.obj
 0001:0002b390       sf_debug_cycle_detecton_error 000000018002c390 f   sfc_debug:sfcdebug.obj
 0001:0002bae0       sf_debug_size_eq_check_1d  000000018002cae0 f   sfc_debug:sfcdebug.obj
 0001:0002bb00       sf_debug_size_eq_check_nd  000000018002cb00 f   sfc_debug:sfcdebug.obj
 0001:0002bd00       sf_debug_dim_size_eq_check 000000018002cd00 f   sfc_debug:sfcdebug.obj
 0001:0002bd30       sf_debug_dim_size_geq_check 000000018002cd30 f   sfc_debug:sfcdebug.obj
 0001:0002bd60       sf_debug_sub_assign_size_check_nd 000000018002cd60 f   sfc_debug:sfcdebug.obj
 0001:0002bf40       sf_debug_matrix_matrix_index_check 000000018002cf40 f   sfc_debug:sfcdebug.obj
 0001:0002bf90       sf_debug_vector_vector_index_check 000000018002cf90 f   sfc_debug:sfcdebug.obj
 0001:0002bfe0       sf_debug_for_loop_vector_check 000000018002cfe0 f   sfc_debug:sfcdebug.obj
 0001:0002c080       sf_debug_runtime_error_msgid 000000018002d080 f   sfc_debug:sfcdebug.obj
 0001:0002c120       sf_debug_data_array_bounds_error_check 000000018002d120 f   sfc_debug:sfcdebug.obj
 0001:0002c230       sf_debug_eml_data_array_bounds_error_check 000000018002d230 f   sfc_debug:sfcdebug.obj
 0001:0002c6f0       sf_debug_integer_check     000000018002d6f0 f   sfc_debug:sfcdebug.obj
 0001:0002c7e0       sf_debug_not_nan_check     000000018002d7e0 f   sfc_debug:sfcdebug.obj
 0001:0002c8b0       sf_debug_non_negative_check 000000018002d8b0 f   sfc_debug:sfcdebug.obj
 0001:0002c980       sf_debug_overflow_detection 000000018002d980 f   sfc_debug:sfcdebug.obj
 0001:0002cfe0       sf_debug_cast_to_real32_T  000000018002dfe0 f   sfc_debug:sfcdebug.obj
 0001:0002d0b0       sf_debug_cast_to_int8_T    000000018002e0b0 f   sfc_debug:sfcdebug.obj
 0001:0002d180       sf_debug_cast_to_uint8_T   000000018002e180 f   sfc_debug:sfcdebug.obj
 0001:0002d250       sf_debug_cast_to_int16_T   000000018002e250 f   sfc_debug:sfcdebug.obj
 0001:0002d320       sf_debug_cast_to_uint16_T  000000018002e320 f   sfc_debug:sfcdebug.obj
 0001:0002d3f0       sf_debug_cast_to_int32_T   000000018002e3f0 f   sfc_debug:sfcdebug.obj
 0001:0002d4c0       sf_debug_cast_to_uint32_T  000000018002e4c0 f   sfc_debug:sfcdebug.obj
 0001:0002d590       sf_debug_data_range_error  000000018002e590 f   sfc_debug:sfcdebug.obj
 0001:0002d8a0       sf_debug_read_before_write_check 000000018002e8a0 f   sfc_debug:sfcdebug.obj
 0001:0002dcd0       sf_debug_data_range_error_wrapper_min_max 000000018002ecd0 f   sfc_debug:sfcdebug.obj
 0001:0002ddf0       sf_debug_data_range_error_wrapper_min 000000018002edf0 f   sfc_debug:sfcdebug.obj
 0001:0002df00       sf_debug_data_range_error_wrapper_max 000000018002ef00 f   sfc_debug:sfcdebug.obj
 0001:0002e010       sf_debug_data_range_wrapper 000000018002f010 f   sfc_debug:sfcdebug.obj
 0001:0002e0d0       sf_debug_set_current_status_info 000000018002f0d0 f   sfc_debug:sfcdebug.obj
 0001:0002e470       sf_debug_register_message_post_receive_info 000000018002f470 f   sfc_debug:sfcdebug.obj
 0001:0002e6c0       sf_debug_call              000000018002f6c0 f   sfc_debug:sfcdebug.obj
 0001:0002f020       sf_debug_initialize_machine 0000000180030020 f   sfc_debug:sfcdebug.obj
 0001:0002f2d0       sf_debug_initialize_chart  00000001800302d0 f   sfc_debug:sfcdebug.obj
 0001:0002f720       sf_debug_ensure_script     0000000180030720 f   sfc_debug:sfcdebug.obj
 0001:0002f7d0       cv_eval_saturation         00000001800307d0 f   sfc_debug:sfcdebug.obj
 0001:0002f950       cv_saturation_accum        0000000180030950 f   sfc_debug:sfcdebug.obj
 0001:0002fa90       cv_script_init_script      0000000180030a90 f   sfc_debug:sfcdebug.obj
 0001:0002fb80       cv_script_init_fcn         0000000180030b80 f   sfc_debug:sfcdebug.obj
 0001:0002fc40       cv_script_init_testobjective 0000000180030c40 f   sfc_debug:sfcdebug.obj
 0001:0002fd00       cv_script_init_saturation  0000000180030d00 f   sfc_debug:sfcdebug.obj
 0001:0002fdb0       cv_script_init_if          0000000180030db0 f   sfc_debug:sfcdebug.obj
 0001:0002fe70       cv_script_init_for         0000000180030e70 f   sfc_debug:sfcdebug.obj
 0001:0002ff20       cv_script_init_while       0000000180030f20 f   sfc_debug:sfcdebug.obj
 0001:0002ffd0       cv_script_init_mcdc        0000000180030fd0 f   sfc_debug:sfcdebug.obj
 0001:000300d0       cv_script_init_switch      00000001800310d0 f   sfc_debug:sfcdebug.obj
 0001:000301b0       cv_script_eval             00000001800311b0 f   sfc_debug:sfcdebug.obj
 0001:00030280       eml_debug_line_call        0000000180031280 f   sfc_debug:sfcdebug.obj
 0001:00030450       sf_debug_terminate         0000000180031450 f   sfc_debug:sfcdebug.obj
 0001:00030660       sf_debug_set_script_cv_ids 0000000180031660 f   sfc_debug:sfcdebug.obj
 0001:00030790       sf_debug_api               0000000180031790 f   sfc_debug:sfc_api.obj
 0001:00032080       sf_debug_sm_terminate      0000000180033080 f   sfc_debug:sfdb_animation.obj
 0001:00032230       sf_debug_reset_path_objects 0000000180033230 f   sfc_debug:sfdb_animation.obj
 0001:000322b0       sf_debug_sm_reset_object_selection_status 00000001800332b0 f   sfc_debug:sfdb_animation.obj
 0001:00032350       sf_debug_sm_reset_state_buffer 0000000180033350 f   sfc_debug:sfdb_animation.obj
 0001:00032420       sf_debug_sm_store_state_buffer 0000000180033420 f   sfc_debug:sfdb_animation.obj
 0001:000324a0       sf_debug_sm_restore_state_buffer1 00000001800334a0 f   sfc_debug:sfdb_animation.obj
 0001:00032510       sf_debug_sm_restore_state_buffer2 0000000180033510 f   sfc_debug:sfdb_animation.obj
 0001:00032580       sf_debug_sm_chart_active   0000000180033580 f   sfc_debug:sfdb_animation.obj
 0001:000325d0       sf_debug_sm_select_active_objects 00000001800335d0 f   sfc_debug:sfdb_animation.obj
 0001:00032aa0       sf_debug_sm_is_chart_active 0000000180033aa0 f   sfc_debug:sfdb_animation.obj
 0001:00032ae0       sf_debug_sm_is_state_active 0000000180033ae0 f   sfc_debug:sfdb_animation.obj
 0001:00032d20       sf_debug_sm_get_active_states 0000000180033d20 f   sfc_debug:sfdb_animation.obj
 0001:000332d0       sf_debug_sm_initialize_instance 00000001800342d0 f   sfc_debug:sfdb_animation.obj
 0001:000334e0       sf_debug_sm_change_object_selection_status 00000001800344e0 f   sfc_debug:sfdb_animation.obj
 0001:000337b0       cv_create_interface        00000001800347b0 f   sfc_debug:cv_sfinterface.obj
 0001:00033ac0       cv_init_trans              0000000180034ac0 f   sfc_debug:cv_sfinterface.obj
 0001:00033b10       cv_init_saturation         0000000180034b10 f   sfc_debug:cv_sfinterface.obj
 0001:00033b50       cv_init_testobjective      0000000180034b50 f   sfc_debug:cv_sfinterface.obj
 0001:00033b90       cv_init_state              0000000180034b90 f   sfc_debug:cv_sfinterface.obj
 0001:00033c00       cv_init_chart              0000000180034c00 f   sfc_debug:cv_sfinterface.obj
 0001:00033c50       cv_dec_update_call         0000000180034c50 f   sfc_debug:cv_sfinterface.obj
 0001:00033c90       cv_cond_update_call        0000000180034c90 f   sfc_debug:cv_sfinterface.obj
 0001:00033cd0       cv_saturation_update_call  0000000180034cd0 f   sfc_debug:cv_sfinterface.obj
 0001:00033d10       cv_saturation_update_accum 0000000180034d10 f   sfc_debug:cv_sfinterface.obj
 0001:00033d50       cv_testobjective_update_call 0000000180034d50 f   sfc_debug:cv_sfinterface.obj
 0001:00033d90       cv_sigrange_update         0000000180034d90 f   sfc_debug:cv_sfinterface.obj
 0001:00033dd0       cvsf_eml_eval              0000000180034dd0 f   sfc_debug:cv_sfinterface.obj
 0001:00033eb0       cvsf_eml_init_script       0000000180034eb0 f   sfc_debug:cv_sfinterface.obj
 0001:00033f40       cvsf_eml_init_fcn          0000000180034f40 f   sfc_debug:cv_sfinterface.obj
 0001:00033fa0       cvsf_eml_init_testobjective 0000000180034fa0 f   sfc_debug:cv_sfinterface.obj
 0001:00034000       cvsf_eml_init_saturation   0000000180035000 f   sfc_debug:cv_sfinterface.obj
 0001:00034050       cvsf_eml_init_if           0000000180035050 f   sfc_debug:cv_sfinterface.obj
 0001:000340b0       cvsf_eml_init_for          00000001800350b0 f   sfc_debug:cv_sfinterface.obj
 0001:00034100       cvsf_eml_init_while        0000000180035100 f   sfc_debug:cv_sfinterface.obj
 0001:00034150       cvsf_eml_init_mcdc         0000000180035150 f   sfc_debug:cv_sfinterface.obj
 0001:000341e0       cvsf_eml_init_switch       00000001800351e0 f   sfc_debug:cv_sfinterface.obj
 0001:00034250       cvsf_script_eval           0000000180035250 f   sfc_debug:cv_sfinterface.obj
 0001:00034330       cvsf_script_init_script    0000000180035330 f   sfc_debug:cv_sfinterface.obj
 0001:000343c0       cvsf_script_init_fcn       00000001800353c0 f   sfc_debug:cv_sfinterface.obj
 0001:00034420       cvsf_script_init_testobjective 0000000180035420 f   sfc_debug:cv_sfinterface.obj
 0001:00034480       cvsf_script_init_saturation 0000000180035480 f   sfc_debug:cv_sfinterface.obj
 0001:000344d0       cvsf_script_init_if        00000001800354d0 f   sfc_debug:cv_sfinterface.obj
 0001:00034530       cvsf_script_init_for       0000000180035530 f   sfc_debug:cv_sfinterface.obj
 0001:00034580       cvsf_script_init_while     0000000180035580 f   sfc_debug:cv_sfinterface.obj
 0001:000345d0       cvsf_script_init_mcdc      00000001800355d0 f   sfc_debug:cv_sfinterface.obj
 0001:00034660       cvsf_script_init_switch    0000000180035660 f   sfc_debug:cv_sfinterface.obj
 0001:000346d0       cv_destroy_interface       00000001800356d0 f   sfc_debug:cv_sfinterface.obj
 0001:000346f0       cv_create_instance_objects 00000001800356f0 f   sfc_debug:cv_sfinterface.obj
 0001:00034b60       cv_is_enabled              0000000180035b60 f   sfc_debug:cv_sfinterface.obj
 0001:00034b70       sf_debug_cv_initialize_script 0000000180035b70 f   sfc_debug:cv_sfinterface.obj
 0001:00034d00       sf_debug_cv_initialize_instance 0000000180035d00 f   sfc_debug:cv_sfinterface.obj
 0001:00035090       sf_debug_cv_terminate_chart 0000000180036090 f   sfc_debug:cv_sfinterface.obj
 0001:000351b0       cv_call_trans_test         00000001800361b0 f   sfc_debug:cv_sfinterface.obj
 0001:000351c0       cv_call_sub_cond_test      00000001800361c0 f   sfc_debug:cv_sfinterface.obj
 0001:00035200       sf_debug_st_initialize_machine 0000000180036200 f   sfc_debug:sfdb_data_browse.obj
 0001:000352b0       sf_debug_st_initialize_instance 00000001800362b0 f   sfc_debug:sfdb_data_browse.obj
 0001:000354c0       sf_debug_st_terminate      00000001800364c0 f   sfc_debug:sfdb_data_browse.obj
 0001:00035860       sf_debug_st_set_data_value_ptr_in_machine 0000000180036860 f   sfc_debug:sfdb_data_browse.obj
 0001:000358f0       sf_debug_st_set_data_value_ptr_in_instance 00000001800368f0 f   sfc_debug:sfdb_data_browse.obj
 0001:000359d0       sf_debug_st_unset_data_value_ptr_in_machine 00000001800369d0 f   sfc_debug:sfdb_data_browse.obj
 0001:00035a40       sf_debug_st_unset_data_value_ptr_in_instance 0000000180036a40 f   sfc_debug:sfdb_data_browse.obj
 0001:00035d00       sf_debug_mx_value          0000000180036d00 f   sfc_debug:sfdb_data_browse.obj
 0001:00035d60       sf_debug_mx_packed_vector  0000000180036d60 f   sfc_debug:sfdb_data_browse.obj
 0001:00035e40       sf_debug_mx_uint_vector    0000000180036e40 f   sfc_debug:sfdb_data_browse.obj
 0001:00035ef0       sf_debug_st_get_double_value_from_void_ptr_vector 0000000180036ef0 f   sfc_debug:sfdb_data_browse.obj
 0001:000369d0       sf_debug_st_browse_data    00000001800379d0 f   sfc_debug:sfdb_data_browse.obj
 0001:00037210       sf_debug_hm_initialize_instance 0000000180038210 f   sfc_debug:sfdb_handle_management.obj
 0001:000376f0       sf_debug_hm_get_object_id  00000001800386f0 f   sfc_debug:sfdb_handle_management.obj
 0001:000382a0       sf_debug_hm_update_chart_visibility 00000001800392a0 f   sfc_debug:sfdb_handle_management.obj
 0001:00039490       sf_debug_object_is_eml_function 000000018003a490 f   sfc_debug:sfdb_handle_management.obj
 0001:00039500       sf_debug_hm_initialize_ids_in_machine 000000018003a500 f   sfc_debug:sfdb_handle_management.obj
 0001:00039670       sf_debug_hm_initialize_ids_in_chart 000000018003a670 f   sfc_debug:sfdb_handle_management.obj
 0001:00039770       sf_debug_hm_initialize_chart 000000018003a770 f   sfc_debug:sfdb_handle_management.obj
 0001:00039e70       sf_debug_hm_terminate      000000018003ae70 f   sfc_debug:sfdb_handle_management.obj
 0001:00039ed0       sf_debug_hm_initialize_machine 000000018003aed0 f   sfc_debug:sfdb_handle_management.obj
 0001:0003a5f0       sf_debug_ss_initialize     000000018003b5f0 f   sfc_debug:sfdb_symbol_scope.obj
 0001:0003a610       sf_debug_ss_terminate      000000018003b610 f   sfc_debug:sfdb_symbol_scope.obj
 0001:0003a6a0       sf_debug_ss_push_symbol_scope 000000018003b6a0 f   sfc_debug:sfdb_symbol_scope.obj
 0001:0003a7a0       sf_debug_ss_push_symbol_scope_eml 000000018003b7a0 f   sfc_debug:sfdb_symbol_scope.obj
 0001:0003a800       sf_debug_ss_pop_symbol_scope 000000018003b800 f   sfc_debug:sfdb_symbol_scope.obj
 0001:0003a8b0       sf_debug_ss_add_symbol     000000018003b8b0 f   sfc_debug:sfdb_symbol_scope.obj
 0001:0003aa20       sf_debug_ss_add_symbol_eml 000000018003ba20 f   sfc_debug:sfdb_symbol_scope.obj
 0001:0003b920       sf_debug_ss_set_data_value 000000018003c920 f   sfc_debug:sfdb_symbol_scope.obj
 0001:0003bd70       getInstanceNumber          000000018003cd70 f   sfc_debug:sfdb_symbol_scope.obj
 0001:0003be40       sf_debug_ss_watch_data     000000018003ce40 f   sfc_debug:sfdb_symbol_scope.obj
 0001:0003c030       sf_debug_ss_assign_data    000000018003d030 f   sfc_debug:sfdb_symbol_scope.obj
 0001:0003ca40       get_data_entry_name        000000018003da40 f   sfc_debug:sfdb_symbol_scope.obj
 0001:0003ca90       sf_debug_ss_whos           000000018003da90 f   sfc_debug:sfdb_symbol_scope.obj
 0001:0003d0e0       sf_debug_cc_initialize_chart 000000018003e0e0 f   sfc_debug:sfdb_coverage.obj
 0001:0003dad0       sf_debug_cc_initialize_instance 000000018003ead0 f   sfc_debug:sfdb_coverage.obj
 0001:0003e810       sf_debug_cc_terminate      000000018003f810 f   sfc_debug:sfdb_coverage.obj
 0001:0003e900       sf_debug_cc_set_transition_maps 000000018003f900 f   sfc_debug:sfdb_coverage.obj
 0001:0003ea30       sf_debug_cc_set_state_maps 000000018003fa30 f   sfc_debug:sfdb_coverage.obj
 0001:0003eb10       sf_debug_cc_set_transition_weights 000000018003fb10 f   sfc_debug:sfdb_coverage.obj
 0001:0003edd0       sf_debug_cc_set_state_weights 000000018003fdd0 f   sfc_debug:sfdb_coverage.obj
 0001:0003f0a0       sf_debug_cc_mark_transition_guard 00000001800400a0 f   sfc_debug:sfdb_coverage.obj
 0001:0003f130       sf_debug_cc_mark_transition_trigger 0000000180040130 f   sfc_debug:sfdb_coverage.obj
 0001:0003f1c0       sf_debug_cc_mark_transition_decision 00000001800401c0 f   sfc_debug:sfdb_coverage.obj
 0001:0003f230       sf_debug_cc_mark_transition_condition_action 0000000180040230 f   sfc_debug:sfdb_coverage.obj
 0001:0003f280       sf_debug_cc_mark_transition_transition_action 0000000180040280 f   sfc_debug:sfdb_coverage.obj
 0001:0003f2d0       sf_debug_cc_mark_state_entry 00000001800402d0 f   sfc_debug:sfdb_coverage.obj
 0001:0003f320       sf_debug_cc_mark_state_during 0000000180040320 f   sfc_debug:sfdb_coverage.obj
 0001:0003f370       sf_debug_cc_mark_state_exit 0000000180040370 f   sfc_debug:sfdb_coverage.obj
 0001:0003f3c0       sf_debug_bm_clear_script_breakpoints 00000001800403c0 f   sfc_debug:sfdb_breakpoints.obj
 0001:0003f3f0       sf_debug_bm_set_script_breakpoint 00000001800403f0 f   sfc_debug:sfdb_breakpoints.obj
 0001:0003f470       sf_debug_bm_clear_single_script_breakpoint 0000000180040470 f   sfc_debug:sfdb_breakpoints.obj
 0001:0003f4f0       sf_debug_bm_query_script_breakpoint 00000001800404f0 f   sfc_debug:sfdb_breakpoints.obj
 0001:0003f540       sf_debug_bm_initialize_scripts 0000000180040540 f   sfc_debug:sfdb_breakpoints.obj
 0001:0003fbd0       sf_debug_bm_terminate      0000000180040bd0 f   sfc_debug:sfdb_breakpoints.obj
 0001:0003feb0       sf_debug_bm_remove_all_breakpoints_in_machine 0000000180040eb0 f   sfc_debug:sfdb_breakpoints.obj
 0001:0003ff10       sf_debug_bm_remove_all_breakpoints_in_chart 0000000180040f10 f   sfc_debug:sfdb_breakpoints.obj
 0001:00040060       sf_debug_bm_initialize_global_breakpoints 0000000180041060 f   sfc_debug:sfdb_breakpoints.obj
 0001:000401e0       sf_debug_bm_set_breakpoint 00000001800411e0 f   sfc_debug:sfdb_breakpoints.obj
 0001:000407a0       sf_debug_bm_set_eml_breakpoint 00000001800417a0 f   sfc_debug:sfdb_breakpoints.obj
 0001:00040830       sf_debug_bm_initialize_machine_breakpoint_map 0000000180041830 f   sfc_debug:sfdb_breakpoints.obj
 0001:00040c50       sf_debug_bm_is_a_breakpoint 0000000180041c50 f   sfc_debug:sfdb_breakpoints.obj
 0001:00041170       sf_debug_bm_get_all_breakpoints_in_machine 0000000180042170 f   sfc_debug:sfdb_breakpoints.obj
 0001:00041470       sf_debug_bm_get_all_breakpoints_in_chart 0000000180042470 f   sfc_debug:sfdb_breakpoints.obj
 0001:00042000       sf_debug_bm_initialize_machine 0000000180043000 f   sfc_debug:sfdb_breakpoints.obj
 0001:000420d0       sf_debug_bm_initialize_chart 00000001800430d0 f   sfc_debug:sfdb_breakpoints.obj
 0001:000424c0       sf_debug_sc_terminate      00000001800434c0 f   sfc_debug:sfdb_state_consistency.obj
 0001:000427e0       sf_debug_sc_is_chart_consistent 00000001800437e0 f   sfc_debug:sfdb_state_consistency.obj
 0001:00042a90       sf_debug_sc_get_consistency_error_info 0000000180043a90 f   sfc_debug:sfdb_state_consistency.obj
 0001:00042ea0       sf_debug_tm_terminate      0000000180043ea0 f   sfc_debug:sfdb_call_stack.obj
 0001:00042f50       sf_debug_tm_push_chart_instance 0000000180043f50 f   sfc_debug:sfdb_call_stack.obj
 0001:00043090       sf_debug_tm_pop_chart_instance 0000000180044090 f   sfc_debug:sfdb_call_stack.obj
 0001:000430f0       sf_debug_tm_push_trace_node 00000001800440f0 f   sfc_debug:sfdb_call_stack.obj
 0001:00043270       sf_debug_tm_pop_trace_node 0000000180044270 f   sfc_debug:sfdb_call_stack.obj
 0001:000432f0       sf_debug_tm_get_current_global_trace_index 00000001800442f0 f   sfc_debug:sfdb_call_stack.obj
 0001:00043300       sf_debug_tm_get_current_local_trace_index 0000000180044300 f   sfc_debug:sfdb_call_stack.obj
 0001:00043330       sf_debug_tm_set_cycle_detected_flag 0000000180044330 f   sfc_debug:sfdb_call_stack.obj
 0001:00043370       sf_debug_tm_set_cycle_started_flag 0000000180044370 f   sfc_debug:sfdb_call_stack.obj
 0001:000433b0       sf_debug_tm_get_chart_number_from_stack 00000001800443b0 f   sfc_debug:sfdb_call_stack.obj
 0001:000435b0       sf_debug_tm_browse_trace   00000001800445b0 f   sfc_debug:sfdb_call_stack.obj
 0001:000438c0       sf_debug_cd_initialize_instance 00000001800448c0 f   sfc_debug:sfdb_cycle_detection.obj
 0001:00043b70       sf_debug_cd_mark_processed_transition_in_instance 0000000180044b70 f   sfc_debug:sfdb_cycle_detection.obj
 0001:00043c10       sf_debug_cd_checksum_push  0000000180044c10 f   sfc_debug:sfdb_cycle_detection.obj
 0001:00043ec0       sf_debug_cd_checksum_pop   0000000180044ec0 f   sfc_debug:sfdb_cycle_detection.obj
 0001:00043f30       sf_debug_cd_turn_off_cycle_detection 0000000180044f30 f   sfc_debug:sfdb_cycle_detection.obj
 0001:00043f80       sf_debug_cd_terminate      0000000180044f80 f   sfc_debug:sfdb_cycle_detection.obj
 0001:000441b0       md5_initialize_state       00000001800451b0 f   sfc_debug:ckmd5.obj
 0001:00044c40       md5_update_state           0000000180045c40 f   sfc_debug:ckmd5.obj
 0001:00044c60       md5_get_hash               0000000180045c60 f   sfc_debug:ckmd5.obj
 0001:00044c90       md5_get_hash_for_a_single_string 0000000180045c90 f   sfc_debug:ckmd5.obj
 0001:00044cf0       mxGetPr                    0000000180045cf0 f   libmx:libmx.dll
 0001:00044cf6       mxCreateDoubleScalar       0000000180045cf6 f   libmx:libmx.dll
 0001:00044cfc       mxCreateDoubleMatrix_730   0000000180045cfc f   libmx:libmx.dll
 0001:00044d02       mxSetField_730             0000000180045d02 f   libmx:libmx.dll
 0001:00044d08       mxCreateString             0000000180045d08 f   libmx:libmx.dll
 0001:00044d0e       mxCreateStructMatrix_730   0000000180045d0e f   libmx:libmx.dll
 0001:00044d14       mxCreateCellMatrix_730     0000000180045d14 f   libmx:libmx.dll
 0001:00044d1a       mxDestroyArray             0000000180045d1a f   libmx:libmx.dll
 0001:00044d20       mxDuplicateArray           0000000180045d20 f   libmx:libmx.dll
 0001:00044d26       mxGetString_730            0000000180045d26 f   libmx:libmx.dll
 0001:00044d2c       mxIsChar                   0000000180045d2c f   libmx:libmx.dll
 0001:00044d32       mxGetClassID               0000000180045d32 f   libmx:libmx.dll
 0001:00044d38       mxIsNumeric                0000000180045d38 f   libmx:libmx.dll
 0001:00044d3e       mxIsComplex                0000000180045d3e f   libmx:libmx.dll
 0001:00044d44       mxGetN                     0000000180045d44 f   libmx:libmx.dll
 0001:00044d4a       mxGetM                     0000000180045d4a f   libmx:libmx.dll
 0001:00044d50       mxCalloc                   0000000180045d50 f   libmx:libmx.dll
 0001:00044d56       mxGetScalar                0000000180045d56 f   libmx:libmx.dll
 0001:00044d5c       mxIsLogical                0000000180045d5c f   libmx:libmx.dll
 0001:00044d62       mxCreateDoubleMatrix_700   0000000180045d62 f   libmx:libmx.dll
 0001:00044d68       mxFree                     0000000180045d68 f   libmx:libmx.dll
 0001:00044d6e       mxArrayToString            0000000180045d6e f   libmx:libmx.dll
 0001:00044d74       mxCreateCellMatrix_700     0000000180045d74 f   libmx:libmx.dll
 0001:00044d7a       mxSetCell_700              0000000180045d7a f   libmx:libmx.dll
 0001:00044d80       mxGetCell_700              0000000180045d80 f   libmx:libmx.dll
 0001:00044d86       mxGetClassName             0000000180045d86 f   libmx:libmx.dll
 0001:00044d8c       mxSetField_700             0000000180045d8c f   libmx:libmx.dll
 0001:00044d92       mxAddField                 0000000180045d92 f   libmx:libmx.dll
 0001:00044d98       mxGetField_700             0000000180045d98 f   libmx:libmx.dll
 0001:00044d9e       mxGetNumberOfElements      0000000180045d9e f   libmx:libmx.dll
 0001:00044da4       mxIsStruct                 0000000180045da4 f   libmx:libmx.dll
 0001:00044daa       mxIsA                      0000000180045daa f   libmx:libmx.dll
 0001:00044db0       mxIsClass                  0000000180045db0 f   libmx:libmx.dll
 0001:00044db6       mxGetLogicals              0000000180045db6 f   libmx:libmx.dll
 0001:00044dbc       mxIsSparse                 0000000180045dbc f   libmx:libmx.dll
 0001:00044dc2       mxSetFieldByNumber_700     0000000180045dc2 f   libmx:libmx.dll
 0001:00044dc8       mxGetFieldByNumber_700     0000000180045dc8 f   libmx:libmx.dll
 0001:00044dce       mxGetFieldNameByNumber     0000000180045dce f   libmx:libmx.dll
 0001:00044dd4       mxGetNumberOfFields        0000000180045dd4 f   libmx:libmx.dll
 0001:00044dda       mxCreateStructMatrix_700   0000000180045dda f   libmx:libmx.dll
 0001:00044de0       mxGetFieldNumber           0000000180045de0 f   libmx:libmx.dll
 0001:00044de6       mxIsNaN                    0000000180045de6 f   libmx:libmx.dll
 0001:00044dec       mxIsEmpty                  0000000180045dec f   libmx:libmx.dll
 0001:00044df2       mxGetData                  0000000180045df2 f   libmx:libmx.dll
 0001:00044df8       mxGetImagData              0000000180045df8 f   libmx:libmx.dll
 0001:00044dfe       mxArrayClassIDName         0000000180045dfe f   libmx:libmx.dll
 0001:00044e04       mxCreateNumericMatrix_700  0000000180045e04 f   libmx:libmx.dll
 0001:00044e0a       mxCreateStructArray_700    0000000180045e0a f   libmx:libmx.dll
 0001:00044e10       mxCalcSingleSubscript_700  0000000180045e10 f   libmx:libmx.dll
 0001:00044e16       mxGetDimensions_700        0000000180045e16 f   libmx:libmx.dll
 0001:00044e1c       mxGetNumberOfDimensions_700 0000000180045e1c f   libmx:libmx.dll
 0001:00044e22       mxCreateNumericArray_700   0000000180045e22 f   libmx:libmx.dll
 0001:00044e28       mxGetElementSize           0000000180045e28 f   libmx:libmx.dll
 0001:00044e2e       mxCreateStringFromNChars_700 0000000180045e2e f   libmx:libmx.dll
 0001:00044e34       mxGetString_700            0000000180045e34 f   libmx:libmx.dll
 0001:00044e3a       mxIsLogicalScalarTrue      0000000180045e3a f   libmx:libmx.dll
 0001:00044e40       mxCreateLogicalScalar      0000000180045e40 f   libmx:libmx.dll
 0001:00044e46       mexUnlock                  0000000180045e46 f   libmex:libmex.dll
 0001:00044e4c       mexIsLocked                0000000180045e4c f   libmex:libmex.dll
 0001:00044e52       mexWarnMsgTxt              0000000180045e52 f   libmex:libmex.dll
 0001:00044e58       mexCallMATLAB              0000000180045e58 f   libmex:libmex.dll
 0001:00044e5e       mexErrMsgTxt               0000000180045e5e f   libmex:libmex.dll
 0001:00044e64       mexMakeArrayPersistent     0000000180045e64 f   libmex:libmex.dll
 0001:00044e6a       mexSetTrapFlag             0000000180045e6a f   libmex:libmex.dll
 0001:00044e70       mexPutVariable             0000000180045e70 f   libmex:libmex.dll
 0001:00044e76       mexGetVariable             0000000180045e76 f   libmex:libmex.dll
 0001:00044e7c       mexLock                    0000000180045e7c f   libmex:libmex.dll
 0001:00044e82       mexMakeMemoryPersistent    0000000180045e82 f   libmex:libmex.dll
 0001:00044e88       mexFunctionName            0000000180045e88 f   libmex:libmex.dll
 0001:00044e8e       ssRegisterDataTypeFxpFSlopeFixExpBias 0000000180045e8e f   libfixedpoint:libfixedpoint.dll
 0001:00044e94       ssRegisterDataTypeFxpScaledDouble 0000000180045e94 f   libfixedpoint:libfixedpoint.dll
 0001:00044e9a       utMalloc                   0000000180045e9a f   libut:libut.dll
 0001:00044ea0       utFree                     0000000180045ea0 f   libut:libut.dll
 0001:00044ea6       utVSNprintf                0000000180045ea6 f   libut:libut.dll
 0001:00044eac       utCPUtime                  0000000180045eac f   libut:libut.dll
 0001:00044eb2       utCalloc                   0000000180045eb2 f   libut:libut.dll
 0001:00044eb8       utRealloc                  0000000180045eb8 f   libut:libut.dll
 0001:00044ebe       emlrtCreateRootTLS         0000000180045ebe f   libemlrt:libemlrt.dll
 0001:00044ec4       emlrtDestroyRootTLS        0000000180045ec4 f   libemlrt:libemlrt.dll
 0001:00044eca       emlrtCheckBuiltInR2012b    0000000180045eca f   libemlrt:libemlrt.dll
 0001:00044ed0       emlrtCheckVsBuiltInR2012b  0000000180045ed0 f   libemlrt:libemlrt.dll
 0001:00044ed6       emlrtCheckEnumR2012b       0000000180045ed6 f   libemlrt:libemlrt.dll
 0001:00044edc       emlrtCreateEnumR2012b      0000000180045edc f   libemlrt:libemlrt.dll
 0001:00044ee2       emlrtGetEnumElementR2009a  0000000180045ee2 f   libemlrt:libemlrt.dll
 0001:00044ee8       emlrtCreateReference       0000000180045ee8 f   libemlrt:libemlrt.dll
 0001:00044eee       emlrtImportVsFiArrayR2009b 0000000180045eee f   libemlrt:libemlrt.dll
 0001:00044ef4       emlrtNameCapturePostProcessR2012a 0000000180045ef4 f   libemlrt:libemlrt.dll
 0001:00044efa       emlrtExtractMessageId      0000000180045efa f   libemlrt:libemlrt.dll
 0001:00044f00       emlrtTranslateMessageIDtoLCPstring 0000000180045f00 f   libemlrt:libemlrt.dll
 0001:00044f06       emlrtForLoopVectorIsValidR2011b 0000000180045f06 f   libemlrt:libemlrt.dll
 0001:00044f0c       emlrtTranslateUTF16MessagetoLCPstring 0000000180045f0c f   libemlrt:libemlrt.dll
 0001:00044f12       emlrtGetEnumUnderlyingArrayR2009a 0000000180045f12 f   libemlrt:libemlrt.dll
 0001:00044f18       emlrtIsEnumR2009a          0000000180045f18 f   libemlrt:libemlrt.dll
 0001:00044f1e       memset                     0000000180045f1e f   MSVCRT:MSVCR100.dll
 0001:00044f24       __GSHandlerCheckCommon     0000000180045f24 f   MSVCRT:gshandler.obj
 0001:00044f88       __GSHandlerCheck           0000000180045f88 f   MSVCRT:gshandler.obj
 0001:00044fa6       strcmp                     0000000180045fa6 f   MSVCRT:MSVCR100.dll
 0001:00044fc0       __security_check_cookie    0000000180045fc0 f   MSVCRT:amdsecgs.obj
 0001:00044fe0       free                       0000000180045fe0 f   MSVCRT:MSVCR100.dll
 0001:00044fe6       sprintf                    0000000180045fe6 f   MSVCRT:MSVCR100.dll
 0001:00044fec       malloc                     0000000180045fec f   MSVCRT:MSVCR100.dll
 0001:00044ff2       strlen                     0000000180045ff2 f   MSVCRT:MSVCR100.dll
 0001:00044ff8       strcat                     0000000180045ff8 f   MSVCRT:MSVCR100.dll
 0001:00044ffe       memcpy                     0000000180045ffe f   MSVCRT:MSVCR100.dll
 0001:00045004       NtCurrentTeb               0000000180046004 f i MSVCRT:crtdll.obj
 0001:00045070       _CRT_INIT                  0000000180046070 f   MSVCRT:crtdll.obj
 0001:00045408       _DllMainCRTStartup         0000000180046408 f   MSVCRT:crtdll.obj
 0001:00045446       strncpy                    0000000180046446 f   MSVCRT:MSVCR100.dll
 0001:00045460       _alloca_probe              0000000180046460     MSVCRT:chkstk.obj
 0001:00045460       __chkstk                   0000000180046460 f   MSVCRT:chkstk.obj
 0001:000454ae       longjmp                    00000001800464ae f   MSVCRT:MSVCR100.dll
 0001:000454b4       strncmp                    00000001800464b4 f   MSVCRT:MSVCR100.dll
 0001:000454ba       ceil                       00000001800464ba f   MSVCRT:MSVCR100.dll
 0001:000454c0       strrchr                    00000001800464c0 f   MSVCRT:MSVCR100.dll
 0001:000454c6       _setjmp                    00000001800464c6 f   MSVCRT:MSVCR100.dll
 0001:000454cc       ldexp                      00000001800464cc f   MSVCRT:MSVCR100.dll
 0001:000454d4       __report_gsfailure         00000001800464d4 f   MSVCRT:gs_report.obj
 0001:00045620       __clean_type_info_names    0000000180046620 f   MSVCRT:tncleanup.obj
 0001:0004562c       _onexit                    000000018004662c f   MSVCRT:atonexit.obj
 0001:000456dc       atexit                     00000001800466dc f   MSVCRT:atonexit.obj
 0001:000456f4       _RTC_Initialize            00000001800466f4 f   MSVCRT:_initsect_.obj
 0001:0004572c       _RTC_Terminate             000000018004672c f   MSVCRT:_initsect_.obj
 0001:00045764       _malloc_crt                0000000180046764 f   MSVCRT:MSVCR100.dll
 0001:00045770       _ValidateImageBase         0000000180046770 f   MSVCRT:pesect.obj
 0001:000457a0       _FindPESection             00000001800467a0 f   MSVCRT:pesect.obj
 0001:000457f0       _IsNonwritableInCurrentImage 00000001800467f0 f   MSVCRT:pesect.obj
 0001:00045832       _initterm                  0000000180046832 f   MSVCRT:MSVCR100.dll
 0001:00045838       _initterm_e                0000000180046838 f   MSVCRT:MSVCR100.dll
 0001:0004583e       _encoded_null              000000018004683e f   MSVCRT:MSVCR100.dll
 0001:00045844       _amsg_exit                 0000000180046844 f   MSVCRT:MSVCR100.dll
 0001:0004584a       __C_specific_handler       000000018004684a f   MSVCRT:MSVCR100.dll
 0001:00045850       __CppXcptFilter            0000000180046850 f   MSVCRT:MSVCR100.dll
 0001:00045858       DllMain                    0000000180046858 f   MSVCRT:dllmain.obj
 0001:0004587c       __security_init_cookie     000000018004687c f   MSVCRT:gs_support.obj
 0001:00045930       __crt_debugger_hook        0000000180046930 f   MSVCRT:MSVCR100.dll
 0001:00045936       __clean_type_info_names_internal 0000000180046936 f   MSVCRT:MSVCR100.dll
 0001:0004593c       _unlock                    000000018004693c f   MSVCRT:MSVCR100.dll
 0001:00045942       __dllonexit                0000000180046942 f   MSVCRT:MSVCR100.dll
 0001:00045948       _lock                      0000000180046948 f   MSVCRT:MSVCR100.dll
 0001:0004594e       EncodePointer              000000018004694e f   kernel32:KERNEL32.dll
 0001:00045954       DecodePointer              0000000180046954 f   kernel32:KERNEL32.dll
 0001:0004595a       Sleep                      000000018004695a f   kernel32:KERNEL32.dll
 0001:00045960       TerminateProcess           0000000180046960 f   kernel32:KERNEL32.dll
 0001:00045966       GetCurrentProcess          0000000180046966 f   kernel32:KERNEL32.dll
 0001:0004596c       UnhandledExceptionFilter   000000018004696c f   kernel32:KERNEL32.dll
 0001:00045972       SetUnhandledExceptionFilter 0000000180046972 f   kernel32:KERNEL32.dll
 0001:00045978       IsDebuggerPresent          0000000180046978 f   kernel32:KERNEL32.dll
 0001:0004597e       RtlVirtualUnwind           000000018004697e f   kernel32:KERNEL32.dll
 0001:00045984       RtlLookupFunctionEntry     0000000180046984 f   kernel32:KERNEL32.dll
 0001:0004598a       RtlCaptureContext          000000018004698a f   kernel32:KERNEL32.dll
 0001:00045990       DisableThreadLibraryCalls  0000000180046990 f   kernel32:KERNEL32.dll
 0001:00045996       QueryPerformanceCounter    0000000180046996 f   kernel32:KERNEL32.dll
 0001:0004599c       GetTickCount               000000018004699c f   kernel32:KERNEL32.dll
 0001:000459a2       GetCurrentThreadId         00000001800469a2 f   kernel32:KERNEL32.dll
 0001:000459a8       GetCurrentProcessId        00000001800469a8 f   kernel32:KERNEL32.dll
 0001:000459ae       GetSystemTimeAsFileTime    00000001800469ae f   kernel32:KERNEL32.dll
 0002:00000000       __imp_GetSystemTimeAsFileTime 0000000180047000     kernel32:KERNEL32.dll
 0002:00000008       __imp_GetCurrentProcessId  0000000180047008     kernel32:KERNEL32.dll
 0002:00000010       __imp_GetCurrentThreadId   0000000180047010     kernel32:KERNEL32.dll
 0002:00000018       __imp_GetTickCount         0000000180047018     kernel32:KERNEL32.dll
 0002:00000020       __imp_QueryPerformanceCounter 0000000180047020     kernel32:KERNEL32.dll
 0002:00000028       __imp_DisableThreadLibraryCalls 0000000180047028     kernel32:KERNEL32.dll
 0002:00000030       __imp_RtlCaptureContext    0000000180047030     kernel32:KERNEL32.dll
 0002:00000038       __imp_RtlLookupFunctionEntry 0000000180047038     kernel32:KERNEL32.dll
 0002:00000040       __imp_RtlVirtualUnwind     0000000180047040     kernel32:KERNEL32.dll
 0002:00000048       __imp_IsDebuggerPresent    0000000180047048     kernel32:KERNEL32.dll
 0002:00000050       __imp_SetUnhandledExceptionFilter 0000000180047050     kernel32:KERNEL32.dll
 0002:00000058       __imp_UnhandledExceptionFilter 0000000180047058     kernel32:KERNEL32.dll
 0002:00000060       __imp_GetCurrentProcess    0000000180047060     kernel32:KERNEL32.dll
 0002:00000068       __imp_TerminateProcess     0000000180047068     kernel32:KERNEL32.dll
 0002:00000070       __imp_Sleep                0000000180047070     kernel32:KERNEL32.dll
 0002:00000078       __imp_DecodePointer        0000000180047078     kernel32:KERNEL32.dll
 0002:00000080       __imp_EncodePointer        0000000180047080     kernel32:KERNEL32.dll
 0002:00000088       \177KERNEL32_NULL_THUNK_DATA 0000000180047088     kernel32:KERNEL32.dll
 0002:00000090       __imp__onexit              0000000180047090     MSVCRT:MSVCR100.dll
 0002:00000098       __imp__lock                0000000180047098     MSVCRT:MSVCR100.dll
 0002:000000a0       __imp___dllonexit          00000001800470a0     MSVCRT:MSVCR100.dll
 0002:000000a8       __imp__unlock              00000001800470a8     MSVCRT:MSVCR100.dll
 0002:000000b0       __imp___clean_type_info_names_internal 00000001800470b0     MSVCRT:MSVCR100.dll
 0002:000000b8       __imp___crt_debugger_hook  00000001800470b8     MSVCRT:MSVCR100.dll
 0002:000000c0       __imp___CppXcptFilter      00000001800470c0     MSVCRT:MSVCR100.dll
 0002:000000c8       __imp___C_specific_handler 00000001800470c8     MSVCRT:MSVCR100.dll
 0002:000000d0       __imp__amsg_exit           00000001800470d0     MSVCRT:MSVCR100.dll
 0002:000000d8       __imp__encoded_null        00000001800470d8     MSVCRT:MSVCR100.dll
 0002:000000e0       __imp__initterm_e          00000001800470e0     MSVCRT:MSVCR100.dll
 0002:000000e8       __imp__initterm            00000001800470e8     MSVCRT:MSVCR100.dll
 0002:000000f0       __imp__malloc_crt          00000001800470f0     MSVCRT:MSVCR100.dll
 0002:000000f8       __imp_ldexp                00000001800470f8     MSVCRT:MSVCR100.dll
 0002:00000100       __imp__setjmp              0000000180047100     MSVCRT:MSVCR100.dll
 0002:00000108       __imp_strrchr              0000000180047108     MSVCRT:MSVCR100.dll
 0002:00000110       __imp_ceil                 0000000180047110     MSVCRT:MSVCR100.dll
 0002:00000118       __imp_strncmp              0000000180047118     MSVCRT:MSVCR100.dll
 0002:00000120       __imp_longjmp              0000000180047120     MSVCRT:MSVCR100.dll
 0002:00000128       __imp_strncpy              0000000180047128     MSVCRT:MSVCR100.dll
 0002:00000130       __imp_memcpy               0000000180047130     MSVCRT:MSVCR100.dll
 0002:00000138       __imp_strcat               0000000180047138     MSVCRT:MSVCR100.dll
 0002:00000140       __imp_strlen               0000000180047140     MSVCRT:MSVCR100.dll
 0002:00000148       __imp_malloc               0000000180047148     MSVCRT:MSVCR100.dll
 0002:00000150       __imp_sprintf              0000000180047150     MSVCRT:MSVCR100.dll
 0002:00000158       __imp_free                 0000000180047158     MSVCRT:MSVCR100.dll
 0002:00000160       __imp_strcmp               0000000180047160     MSVCRT:MSVCR100.dll
 0002:00000168       __imp_memset               0000000180047168     MSVCRT:MSVCR100.dll
 0002:00000170       \177MSVCR100_NULL_THUNK_DATA 0000000180047170     MSVCRT:MSVCR100.dll
 0002:00000178       __imp_emlrtIsEnumR2009a    0000000180047178     libemlrt:libemlrt.dll
 0002:00000180       __imp_emlrtGetEnumUnderlyingArrayR2009a 0000000180047180     libemlrt:libemlrt.dll
 0002:00000188       __imp_emlrtTranslateUTF16MessagetoLCPstring 0000000180047188     libemlrt:libemlrt.dll
 0002:00000190       __imp_emlrtForLoopVectorIsValidR2011b 0000000180047190     libemlrt:libemlrt.dll
 0002:00000198       __imp_emlrtTranslateMessageIDtoLCPstring 0000000180047198     libemlrt:libemlrt.dll
 0002:000001a0       __imp_emlrtExtractMessageId 00000001800471a0     libemlrt:libemlrt.dll
 0002:000001a8       __imp_emlrtNameCapturePostProcessR2012a 00000001800471a8     libemlrt:libemlrt.dll
 0002:000001b0       __imp_emlrtImportVsFiArrayR2009b 00000001800471b0     libemlrt:libemlrt.dll
 0002:000001b8       __imp_emlrtCreateReference 00000001800471b8     libemlrt:libemlrt.dll
 0002:000001c0       __imp_emlrtGetEnumElementR2009a 00000001800471c0     libemlrt:libemlrt.dll
 0002:000001c8       __imp_emlrtCreateEnumR2012b 00000001800471c8     libemlrt:libemlrt.dll
 0002:000001d0       __imp_emlrtCheckEnumR2012b 00000001800471d0     libemlrt:libemlrt.dll
 0002:000001d8       __imp_emlrtCheckVsBuiltInR2012b 00000001800471d8     libemlrt:libemlrt.dll
 0002:000001e0       __imp_emlrtCheckBuiltInR2012b 00000001800471e0     libemlrt:libemlrt.dll
 0002:000001e8       __imp_emlrtDestroyRootTLS  00000001800471e8     libemlrt:libemlrt.dll
 0002:000001f0       __imp_emlrtCreateRootTLS   00000001800471f0     libemlrt:libemlrt.dll
 0002:000001f8       \177libemlrt_NULL_THUNK_DATA 00000001800471f8     libemlrt:libemlrt.dll
 0002:00000200       __imp_ssRegisterDataTypeFxpScaledDouble 0000000180047200     libfixedpoint:libfixedpoint.dll
 0002:00000208       __imp_ssRegisterDataTypeFxpFSlopeFixExpBias 0000000180047208     libfixedpoint:libfixedpoint.dll
 0002:00000210       \177libfixedpoint_NULL_THUNK_DATA 0000000180047210     libfixedpoint:libfixedpoint.dll
 0002:00000218       __imp_mexLock              0000000180047218     libmex:libmex.dll
 0002:00000220       __imp_mexMakeMemoryPersistent 0000000180047220     libmex:libmex.dll
[...]
 0001:0001b680       sf_mex_check_complex       000000018001c680 f   sfc_mex:sfc_mex.obj
 0001:0001b710       sf_mex_check_sparse        000000018001c710 f   sfc_mex:sfc_mex.obj
 0001:0001b770       sf_mex_check_numerictype   000000018001c770 f   sfc_mex:sfc_mex.obj
 0001:0001b900       sf_mex_check_fimath        000000018001c900 f   sfc_mex:sfc_mex.obj
 0001:0001c460       size_mismatch_error        000000018001d460 f   sfc_mex:sfc_mex.obj
 0001:0001ced0       check_array_dimensions     000000018001ded0 f   sfc_mex:sfc_mex.obj
 0001:0001cf40       check_input_mxarray        000000018001df40 f   sfc_mex:sfc_mex.obj
 0001:0001d680       sf_numeric_value_to_double 000000018001e680 f   sfc_mex:sfc_mex.obj
 0001:0001d6d0       ml_generic_out_of_bounds_check 000000018001e6d0 f   sfc_mex:sfc_mex.obj
 0001:0001d890       ml_get_element_value_from_array 000000018001e890 f   sfc_mex:sfc_mex.obj
 0001:0001dc30       _ml_generic_castability_check 000000018001ec30 f   sfc_mex:sfc_mex.obj
 0001:0001e380       ml_generic_castability_check 000000018001f380 f   sfc_mex:sfc_mex.obj
 0001:0001e420       ml_check_mx_array_for_single_castability 000000018001f420 f   sfc_mex:sfc_mex.obj
 0001:0001e4c0       ml_check_mx_array_for_logical_castability 000000018001f4c0 f   sfc_mex:sfc_mex.obj
 0001:0001e560       ml_check_mx_array_for_int8_castability 000000018001f560 f   sfc_mex:sfc_mex.obj
 0001:0001e610       ml_check_mx_array_for_uint8_castability 000000018001f610 f   sfc_mex:sfc_mex.obj
 0001:0001e670       ml_check_mx_array_for_int16_castability 000000018001f670 f   sfc_mex:sfc_mex.obj
 0001:0001e6d0       ml_check_mx_array_for_uint16_castability 000000018001f6d0 f   sfc_mex:sfc_mex.obj
 0001:0001e730       ml_check_mx_array_for_int32_castability 000000018001f730 f   sfc_mex:sfc_mex.obj
 0001:0001e790       ml_check_mx_array_for_uint32_castability 000000018001f790 f   sfc_mex:sfc_mex.obj
 0001:0001e7f0       ml_check_mx_array_for_castability 000000018001f7f0 f   sfc_mex:sfc_mex.obj
 0001:0001f010       set_data_value             0000000180020010 f   sfc_mex:sfc_mex.obj
 0001:0001f380       get_data_value             0000000180020380 f   sfc_mex:sfc_mex.obj
 0001:0001f490       get_next_element_address   0000000180020490 f   sfc_mex:sfc_mex.obj
 0001:0001f560       sf_normalize_index         0000000180020560 f   sfc_mex:sfc_mex.obj
 0001:0001f910       ml_array_index_bound_check 0000000180020910 f   sfc_mex:sfc_mex.obj
 0001:00020490       mx_value                   0000000180021490 f   sfc_mex:sfc_mex.obj
 0001:000204e0       sf_create_numeric_array    00000001800214e0 f   sfc_mex:sfc_mex.obj
 0001:00020580       sf_mex_assign_to_mx_array  0000000180021580 f   sfc_mex:sfc_mex.obj
 0001:000208f0       assign_from_mx_array       00000001800218f0 f   sfc_mex:sfc_mex.obj
 0001:00021050       sf_mex_import_v            0000000180022050 f   sfc_mex:sfc_mex.obj
 0001:00021760       get_machine_and_chart_file_number 0000000180022760 f   sfc_mex:sfc_sf.obj
 0001:00021850       get_sfun_block_specialization 0000000180022850 f   sfc_mex:sfc_sf.obj
 0001:00021900       call_sf_machine_global_method_dispatcher 0000000180022900 f   sfc_mex:sfc_sf.obj
 0001:00021b50       mdl_zeroCrossings_processing 0000000180022b50 f   sfc_mex:sfc_sf.obj
 0001:00021c30       mdl_derivatives_processing 0000000180022c30 f   sfc_mex:sfc_sf.obj
 0001:00021f10       mdl_outputs_continuous_legacy 0000000180022f10 f   sfc_mex:sfc_sf.obj
 0001:00021f90       mdl_outputs_processing     0000000180022f90 f   sfc_mex:sfc_sf.obj
 0001:00022200       mdl_enable_processing      0000000180023200 f   sfc_mex:sfc_sf.obj
 0001:000222e0       mdl_disable_processing     00000001800232e0 f   sfc_mex:sfc_sf.obj
 0001:00023170       sf_call_output_fcn_enable_disable 0000000180024170 f   sfc_mex:sfc_sf.obj
 0001:000233f0       set_dwork_information_from_mx_array 00000001800243f0 f   sfc_mex:sfc_sf.obj
 0001:00023ce0       ptr2mxStruct               0000000180024ce0 f   sfc_mex:sfc_sf.obj
 0001:00023ff0       SNPRINTF_WRAPPER           0000000180024ff0 f   sfc_debug:sfcdebug.obj
 0001:00024020       sf_debug_chart_instance_initialized 0000000180025020 f   sfc_debug:sfcdebug.obj
 0001:000241c0       sfrtAddSize                00000001800251c0 f   sfc_debug:sfcdebug.obj
 0001:00024280       sfrtGenSizeString          0000000180025280 f   sfc_debug:sfcdebug.obj
 0001:000249d0       fill_single_message_info   00000001800259d0 f   sfc_debug:sfcdebug.obj
 0001:00024c50       sf_debug_sim_status_listener 0000000180025c50 f   sfc_debug:sfcdebug.obj
 0001:000251e0       sf_debug_form_mask_bits    00000001800261e0 f   sfc_debug:sfcdebug.obj
 0001:00025200       sf_debug_form_sf_data_type_offsets 0000000180026200 f   sfc_debug:sfcdebug.obj
 0001:000252c0       sf_debug_free_all          00000001800262c0 f   sfc_debug:sfcdebug.obj
 0001:00025450       sf_debug_append_debugger_context 0000000180026450 f   sfc_debug:sfcdebug.obj
 0001:000257c0       local_strdup               00000001800267c0 f   sfc_debug:sfcdebug.obj
 0001:00026740       sf_debug_em_terminate      0000000180027740 f   sfc_debug:sfcdebug.obj
 0001:00026780       sf_debug_push_eml_function 0000000180027780 f   sfc_debug:sfcdebug.obj
 0001:00026820       sf_debug_pop_eml_function  0000000180027820 f   sfc_debug:sfcdebug.obj
 0001:000274c0       sf_debug_get_machine_number_from_id_or_name 00000001800284c0 f   sfc_debug:sfcdebug.obj
 0001:00027610       sf_debug_get_chart_number_from_id 0000000180028610 f   sfc_debug:sfcdebug.obj
 0001:000283f0       sf_debug_transfer_control_to_debugger_GUI 00000001800293f0 f   sfc_debug:sfcdebug.obj
 0001:00029360       sf_debug_scripts_rehash    000000018002a360 f   sfc_debug:sfcdebug.obj
 0001:00029570       sf_debug_get_script_line_count 000000018002a570 f   sfc_debug:sfcdebug.obj
 0001:00029fc0       cv_eml_state_cvId          000000018002afc0 f   sfc_debug:sfcdebug.obj
 0001:0002a030       cv_eml_trans_cvId          000000018002b030 f   sfc_debug:sfcdebug.obj
 0001:0002b4b0       sf_debug_data_array_bounds_error 000000018002c4b0 f   sfc_debug:sfcdebug.obj
 0001:0002b860       eml_debug_runtime_error_doclink 000000018002c860 f   sfc_debug:sfcdebug.obj
 0001:0002b9d0       sf_debug_runtime_error     000000018002c9d0 f   sfc_debug:sfcdebug.obj
 0001:0002ba40       sf_debug_matlab_error      000000018002ca40 f   sfc_debug:sfcdebug.obj
 0001:0002c3b0       sf_debug_data_value_error  000000018002d3b0 f   sfc_debug:sfcdebug.obj
 0001:0002cc80       sf_debug_data_loss_error   000000018002dc80 f   sfc_debug:sfcdebug.obj
 0001:0002dba0       call_cv_range_check        000000018002eba0 f   sfc_debug:sfcdebug.obj
 0001:0002e400       sf_debug_invoke_cycle_detection_code 000000018002f400 f   sfc_debug:sfcdebug.obj
 0001:0002ef70       sf_reset_debug_info_struct 000000018002ff70 f   sfc_debug:sfcdebug.obj
 0001:0002f760       cv_script_cvId             0000000180030760 f   sfc_debug:sfcdebug.obj
 0001:00030920       sfc_api_chart_visible      0000000180031920 f   sfc_debug:sfc_api.obj
 0001:000309b0       sfc_api_active_instance    00000001800319b0 f   sfc_debug:sfc_api.obj
 0001:00030a40       sfc_api_machine_load       0000000180031a40 f   sfc_debug:sfc_api.obj
 0001:00030b30       sfc_api_debugger_alive     0000000180031b30 f   sfc_debug:sfc_api.obj
 0001:00030b40       sfc_api_go                 0000000180031b40 f   sfc_debug:sfc_api.obj
 0001:00030b50       sfc_api_step_over          0000000180031b50 f   sfc_debug:sfc_api.obj
 0001:00030b60       sfc_api_step_out           0000000180031b60 f   sfc_debug:sfc_api.obj
 0001:00030b70       sfc_api_resume             0000000180031b70 f   sfc_debug:sfc_api.obj
 0001:00030b80       sfc_api_break              0000000180031b80 f   sfc_debug:sfc_api.obj
 0001:00030b90       sfc_api_stop_debugging     0000000180031b90 f   sfc_debug:sfc_api.obj
 0001:00030bf0       sfc_api_is_cycle_detected  0000000180031bf0 f   sfc_debug:sfc_api.obj
 0001:00030c50       sfc_api_is_array_bounds_detected 0000000180031c50 f   sfc_debug:sfc_api.obj
 0001:00030cb0       sfc_api_set_disable_all_breakpoints 0000000180031cb0 f   sfc_debug:sfc_api.obj
 0001:00030d30       sfc_api_disable_all_breakpoints_and_go 0000000180031d30 f   sfc_debug:sfc_api.obj
 0001:00030d40       sfc_api_close              0000000180031d40 f   sfc_debug:sfc_api.obj
 0001:00030d50       sfc_api_browse_data        0000000180031d50 f   sfc_debug:sfc_api.obj
 0001:00030dd0       sfc_api_watch_data         0000000180031dd0 f   sfc_debug:sfc_api.obj
 0001:00030ee0       sfc_api_extract_message_post_receive_info 0000000180031ee0 f   sfc_debug:sfc_api.obj
 0001:00030f00       sfc_api_assign_data        0000000180031f00 f   sfc_debug:sfc_api.obj
 0001:00030fb0       sfc_api_whos               0000000180031fb0 f   sfc_debug:sfc_api.obj
 0001:00031040       sfc_api_get_consistency_info 0000000180032040 f   sfc_debug:sfc_api.obj
 0001:00031050       sfc_api_browse_trace       0000000180032050 f   sfc_debug:sfc_api.obj
 0001:00031060       sfc_api_break_on_chart_entry 0000000180032060 f   sfc_debug:sfc_api.obj
 0001:00031090       sfc_api_break_on_event_broadcast 0000000180032090 f   sfc_debug:sfc_api.obj
 0001:000310c0       sfc_api_break_on_state_entry 00000001800320c0 f   sfc_debug:sfc_api.obj
 0001:000310f0       sfc_api_set_watch          00000001800320f0 f   sfc_debug:sfc_api.obj
 0001:000311a0       sfc_api_set_breakpoints    00000001800321a0 f   sfc_debug:sfc_api.obj
 0001:00031260       sfc_api_set_eml_breakpoints 0000000180032260 f   sfc_debug:sfc_api.obj
 0001:00031300       sfc_api_set_script_breakpoints 0000000180032300 f   sfc_debug:sfc_api.obj
 0001:00031360       sfc_api_add_script_breakpoints 0000000180032360 f   sfc_debug:sfc_api.obj
 0001:000313c0       sfc_api_clear_script_breakpoints 00000001800323c0 f   sfc_debug:sfc_api.obj
 0001:00031420       sfc_api_query_script_breakpoints 0000000180032420 f   sfc_debug:sfc_api.obj
 0001:00031490       sfc_api_get_script_id      0000000180032490 f   sfc_debug:sfc_api.obj
 0001:00031550       sfc_api_get_active_states  0000000180032550 f   sfc_debug:sfc_api.obj
 0001:000315e0       sfc_api_break_between_times 00000001800325e0 f   sfc_debug:sfc_api.obj
 0001:00031650       sfc_api_get_instance_handle 0000000180032650 f   sfc_debug:sfc_api.obj
 0001:00031720       sfc_api_set_animation      0000000180032720 f   sfc_debug:sfc_api.obj
 0001:00031770       sfc_api_select_chart       0000000180032770 f   sfc_debug:sfc_api.obj
 0001:000317e0       sfc_api_select_charts      00000001800327e0 f   sfc_debug:sfc_api.obj
 0001:00031810       sfc_api_cycle_detection_check 0000000180032810 f   sfc_debug:sfc_api.obj
 0001:00031860       sfc_api_data_range_check   0000000180032860 f   sfc_debug:sfc_api.obj
 0001:000318b0       sfc_api_transition_conflict_check 00000001800328b0 f   sfc_debug:sfc_api.obj
 0001:00031900       sfc_api_state_consistency_check 0000000180032900 f   sfc_debug:sfc_api.obj
 0001:00031950       sfc_api_set_instance_cv_ids 0000000180032950 f   sfc_debug:sfc_api.obj
 0001:00031a80       sfc_api_set_script_cv_ids  0000000180032a80 f   sfc_debug:sfc_api.obj
 0001:00031b50       sfc_api_get_current_machine_id 0000000180032b50 f   sfc_debug:sfc_api.obj
 0001:00031b80       sfc_api_get_current_machine_number 0000000180032b80 f   sfc_debug:sfc_api.obj
 0001:00031bb0       sfc_api_get_current_chart_number 0000000180032bb0 f   sfc_debug:sfc_api.obj
 0001:00031be0       sfc_api_get_current_instance_number 0000000180032be0 f   sfc_debug:sfc_api.obj
 0001:00031c10       sfc_api_get_current_instance_handle 0000000180032c10 f   sfc_debug:sfc_api.obj
 0001:00031c30       sfc_api_get_current_is_minor_time_step 0000000180032c30 f   sfc_debug:sfc_api.obj
 0001:00031c60       sfc_api_get_current_machine_name 0000000180032c60 f   sfc_debug:sfc_api.obj
 0001:00031c80       sfc_api_get_current_chart_id 0000000180032c80 f   sfc_debug:sfc_api.obj
 0001:00031cb0       sfc_api_get_current_object_type 0000000180032cb0 f   sfc_debug:sfc_api.obj
 0001:00031ce0       sfc_api_get_current_event_type 0000000180032ce0 f   sfc_debug:sfc_api.obj
 0001:00031d10       sfc_api_get_current_object_id 0000000180032d10 f   sfc_debug:sfc_api.obj
 0001:00031d40       sfc_get_current_active_event_type 0000000180032d40 f   sfc_debug:sfc_api.obj
 0001:00031d70       sfc_api_get_current_active_event_id 0000000180032d70 f   sfc_debug:sfc_api.obj
 0001:00031da0       sfc_api_get_current_simulation_time 0000000180032da0 f   sfc_debug:sfc_api.obj
 0001:00031dc0       sfc_get_current_tag_type   0000000180032dc0 f   sfc_debug:sfc_api.obj
 0001:00031df0       sfc_get_current_coverage_percentage 0000000180032df0 f   sfc_debug:sfc_api.obj
 0001:00031e10       sfc_get_current_statement_context 0000000180032e10 f   sfc_debug:sfc_api.obj
 0001:00031e30       sfc_get_current_optional_integer 0000000180032e30 f   sfc_debug:sfc_api.obj
 0001:00031e60       sfc_get_current_statement_info 0000000180032e60 f   sfc_debug:sfc_api.obj
 0001:00031f00       sfc_api_get                0000000180032f00 f   sfc_debug:sfc_api.obj
 0001:00032b60       sf_debug_sm_fill_state_activity_data 0000000180033b60 f   sfc_debug:sfdb_animation.obj
 0001:000353a0       void_ptr_stack_vector_free_total 00000001800363a0 f   sfc_debug:sfdb_data_browse.obj
 0001:00035420       sf_debug_st_terminate_machine 0000000180036420 f   sfc_debug:sfdb_data_browse.obj
 0001:00035460       sf_debug_st_terminate_instance 0000000180036460 f   sfc_debug:sfdb_data_browse.obj
 0001:00035810       push_on_to_void_ptr_stack  0000000180036810 f   sfc_debug:sfdb_data_browse.obj
 0001:000359a0       pop_from_void_ptr_stack    00000001800369a0 f   sfc_debug:sfdb_data_browse.obj
 0001:00035ad0       sf_debug_st_get_data_value 0000000180036ad0 f   sfc_debug:sfdb_data_browse.obj
 0001:00036000       mx_value                   0000000180037000 f   sfc_debug:sfdb_data_browse.obj
 0001:00036040       sf_debug_st_fill_data_struct 0000000180037040 f   sfc_debug:sfdb_data_browse.obj
 0001:00036380       data_type_format_strings   0000000180037380 f   sfc_debug:sfdb_data_browse.obj
 0001:00036430       sf_debug_st_fill_data      0000000180037430 f   sfc_debug:sfdb_data_browse.obj
 0001:00037120       sf_debug_hm_get_simulink_handle 0000000180038120 f   sfc_debug:sfdb_handle_management.obj
 0001:00037bd0       sf_debug_hm_initialize_globals 0000000180038bd0 f   sfc_debug:sfdb_handle_management.obj
 0001:00037cd0       sf_debug_hm_get_machine_debug_flag 0000000180038cd0 f   sfc_debug:sfdb_handle_management.obj
 0001:00037e40       sf_debug_hm_get_machine_id 0000000180038e40 f   sfc_debug:sfdb_handle_management.obj
 0001:00037f60       sf_debug_hm_get_chart_id   0000000180038f60 f   sfc_debug:sfdb_handle_management.obj
 0001:00038100       sf_debug_hm_register_executing_SFunction 0000000180039100 f   sfc_debug:sfdb_handle_management.obj
 0001:00038490       sf_debug_hm_form_object_boolean_properties 0000000180039490 f   sfc_debug:sfdb_handle_management.obj
 0001:00038760       sf_debug_hm_form_object_properties 0000000180039760 f   sfc_debug:sfdb_handle_management.obj
 0001:000389a0       sf_debug_hm_terminate_charts 00000001800399a0 f   sfc_debug:sfdb_handle_management.obj
 0001:00039080       sf_debug_hm_terminate_machines 000000018003a080 f   sfc_debug:sfdb_handle_management.obj
 0001:0003aaf0       sf_debug_ss_copy_dimension 000000018003baf0 f   sfc_debug:sfdb_symbol_scope.obj
 0001:0003abb0       sf_debug_ss_get_number_elements 000000018003bbb0 f   sfc_debug:sfdb_symbol_scope.obj
 0001:0003abd0       sf_debug_ss_fill_data_struct 000000018003bbd0 f   sfc_debug:sfdb_symbol_scope.obj
 0001:0003af20       sf_debug_ss_reset_data_info 000000018003bf20 f   sfc_debug:sfdb_symbol_scope.obj
 0001:0003af80       sf_debug_fill_data_info_by_symbol_scope_entry 000000018003bf80 f   sfc_debug:sfdb_symbol_scope.obj
 0001:0003b040       sf_debug_fill_data_info_by_data_vector 000000018003c040 f   sfc_debug:sfdb_symbol_scope.obj
 0001:0003b290       get_data_info_helper       000000018003c290 f   sfc_debug:sfdb_symbol_scope.obj
 0001:0003b580       sf_debug_ss_get_data_info  000000018003c580 f   sfc_debug:sfdb_symbol_scope.obj
 0001:0003b7a0       sf_debug_select_mex_function 000000018003c7a0 f   sfc_debug:sfdb_symbol_scope.obj
 0001:0003b7d0       sf_debug_is_dyn_matrix_initialized 000000018003c7d0 f   sfc_debug:sfdb_symbol_scope.obj
 0001:0003b7f0       sf_debug_ss_set_data_value_try 000000018003c7f0 f   sfc_debug:sfdb_symbol_scope.obj
 0001:0003b9e0       sf_debug_ss_get_data_value 000000018003c9e0 f   sfc_debug:sfdb_symbol_scope.obj
 0001:0003c140       sf_debug_ss_data_bytes_string 000000018003d140 f   sfc_debug:sfdb_symbol_scope.obj
 0001:0003c1d0       sf_debug_ss_data_class_string 000000018003d1d0 f   sfc_debug:sfdb_symbol_scope.obj
 0001:0003c550       sf_debug_ss_data_size_string 000000018003d550 f   sfc_debug:sfdb_symbol_scope.obj
 0001:0003c630       sf_debug_ss_data_create_data_info_struct 000000018003d630 f   sfc_debug:sfdb_symbol_scope.obj
 0001:0003c8e0       sf_debug_ss_data_create_name_value_pair 000000018003d8e0 f   sfc_debug:sfdb_symbol_scope.obj
 0001:0003c980       sf_debug_ss_data_get_whos_info 000000018003d980 f   sfc_debug:sfdb_symbol_scope.obj
 0001:0003c990       same_named_data_in_data_array 000000018003d990 f   sfc_debug:sfdb_symbol_scope.obj
 0001:0003e120       sf_debug_cc_terminate_chart 000000018003f120 f   sfc_debug:sfdb_coverage.obj
 0001:0003e430       sf_debug_cc_terminate_instance 000000018003f430 f   sfc_debug:sfdb_coverage.obj
 0001:0003f000       sf_debug_cc_mark_object_if_needed 0000000180040000 f   sfc_debug:sfdb_coverage.obj
 0001:0003f880       sf_debug_bm_initialize_eml 0000000180040880 f   sfc_debug:sfdb_breakpoints.obj
 0001:00040940       sf_debug_bm_map_debug_tag_to_breakpoint_tag 0000000180041940 f   sfc_debug:sfdb_breakpoints.obj
 0001:00040a20       sf_debug_bm_is_a_eml_breakpoint_impl 0000000180041a20 f   sfc_debug:sfdb_breakpoints.obj
 0001:00042350       sf_debug_sc_push_on_error_stack 0000000180043350 f   sfc_debug:sfdb_state_consistency.obj
 0001:00042470       sf_debug_sc_reset_error_stack 0000000180043470 f   sfc_debug:sfdb_state_consistency.obj
 0001:00042600       sf_debug_sc_is_state_inconsistent 0000000180043600 f   sfc_debug:sfdb_state_consistency.obj
 0001:000428f0       sf_debug_sc_fill_consistency_info 00000001800438f0 f   sfc_debug:sfdb_state_consistency.obj
 0001:00042e90       void_assertion_fcn         0000000180043e90 f   sfc_debug:sfdb_call_stack.obj
 0001:000433e0       sf_debug_tm_fill_local_trace 00000001800443e0 f   sfc_debug:sfdb_call_stack.obj
 0001:00043980       sf_debug_cd_terminate_instance 0000000180044980 f   sfc_debug:sfdb_cycle_detection.obj
 0001:000439e0       sf_debug_cd_free_checksum_stack 00000001800449e0 f   sfc_debug:sfdb_cycle_detection.obj
 0001:00043a30       sf_debug_cd_reset_pack_strings 0000000180044a30 f   sfc_debug:sfdb_cycle_detection.obj
 0001:000440d0       md5file_clear              00000001800450d0 f   sfc_debug:ckmd5.obj
 0001:00044100       Encode                     0000000180045100 f   sfc_debug:ckmd5.obj
 0001:00044150       Decode                     0000000180045150 f   sfc_debug:ckmd5.obj
 0001:000441f0       MD5Transform               00000001800451f0 f   sfc_debug:ckmd5.obj
 0001:00044a50       md5file_addn               0000000180045a50 f   sfc_debug:ckmd5.obj
 0001:00044b20       md5file_hash               0000000180045b20 f   sfc_debug:ckmd5.obj
 0001:00045010       pre_c_init                 0000000180046010 f   MSVCRT:crtdll.obj
 0001:000452cc       __DllMainCRTStartup        00000001800462cc f   MSVCRT:crtdll.obj
 0001:000459c0       __DllMainCRTStartup$filt$0 00000001800469c0 f   MSVCRT:crtdll.obj
 0001:000459f0       __DllMainCRTStartup$fin$1  00000001800469f0 f   MSVCRT:crtdll.obj
 0001:00045a0a       _onexit$fin$0              0000000180046a0a f   MSVCRT:atonexit.obj
 0001:00045a30       _IsNonwritableInCurrentImage$filt$0 0000000180046a30 f   MSVCRT:pesect.obj
